 
****************************************
Report : area
Design : segfold_b_rows_rom
Version: Y-2026.03
Date   : Wed Apr  1 16:45:20 2026
****************************************

Information: Updating design information... (UID-85)
Warning: Design 'segfold_b_rows_rom' contains 1 high-fanout nets. A fanout number of 1000 will be used for delay calculations involving these nets. (TIM-134)
Library(s) Used:

    asap7sc7p5t_AO_RVT_TT_ccs_211120 (File: /mnt/nas0/eda.libs/asap7/asap7sc7p5t_28/LIB/CCS/asap7sc7p5t_AO_RVT_TT_ccs_211120.db)
    asap7sc7p5t_OA_RVT_TT_ccs_211120 (File: /mnt/nas0/eda.libs/asap7/asap7sc7p5t_28/LIB/CCS/asap7sc7p5t_OA_RVT_TT_ccs_211120.db)
    asap7sc7p5t_SIMPLE_RVT_TT_ccs_211120 (File: /mnt/nas0/eda.libs/asap7/asap7sc7p5t_28/LIB/CCS/asap7sc7p5t_SIMPLE_RVT_TT_ccs_211120.db)
    asap7sc7p5t_INVBUF_RVT_TT_nldm (File: /mnt/nas0/eda.libs/asap7/asap7sc7p5t_28/LIB/NLDM/asap7sc7p5t_INVBUF_RVT_TT_nldm.db)
    asap7sc7p5t_SEQ_RVT_TT_ccs_220123 (File: /mnt/nas0/eda.libs/asap7/asap7sc7p5t_28/LIB/CCS/asap7sc7p5t_SEQ_RVT_TT_ccs_220123.db)

Number of ports:                           35
Number of nets:                          6221
Number of cells:                         6194
Number of combinational cells:           4146
Number of sequential cells:              2048
Number of macros/black boxes:               0
Number of buf/inv:                        323
Number of references:                      17

Combinational area:                338.649664
Buf/Inv area:                       14.886180
Noncombinational area:             597.196777
Macro/Black Box area:                0.000000
Net Interconnect area:      undefined  (No wire load specified)

Total cell area:                   935.846442
Total area:                 undefined
1
