 
****************************************
Report : timing
        -path full
        -delay max
        -max_paths 10
Design : segfold_b_rows_rom
Version: Y-2026.03
Date   : Wed Apr  1 16:45:20 2026
****************************************

 # A fanout number of 1000 was used for high fanout net computations.

Operating Conditions: PVT_0P7V_25C   Library: asap7sc7p5t_AO_RVT_TT_ccs_211120
Wire Load Model Mode: top

  Startpoint: rd_addr_i[4]
              (input port clocked by clk)
  Endpoint: rd_data_o[7]
            (output port clocked by clk)
  Path Group: clk
  Path Type: max

  Point                                    Incr       Path
  -----------------------------------------------------------
  clock clk (rise edge)                    0.00       0.00
  clock network delay (ideal)              0.00       0.00
  input external delay                   100.00     100.00 r
  rd_addr_i[4] (in)                        0.00     100.00 r
  U5362/Y (NOR2xp33_ASAP7_75t_R)           7.23     107.23 f
  U2727/Y (NAND2xp33_ASAP7_75t_R)         36.07     143.30 r
  U2655/Y (NOR2xp33_ASAP7_75t_R)         132.73     276.03 f
  U6759/Y (AOI22xp33_ASAP7_75t_R)         47.90     323.93 r
  U6763/Y (NAND4xp25_ASAP7_75t_R)         24.12     348.05 f
  U6764/Y (NOR4xp25_ASAP7_75t_R)          29.69     377.73 r
  U6765/Y (AO21x1_ASAP7_75t_R)            24.00     401.73 r
  U6766/Y (A2O1A1Ixp33_ASAP7_75t_R)       14.14     415.87 f
  U6767/Y (O2A1O1Ixp33_ASAP7_75t_R)       19.79     435.66 r
  U6768/Y (A2O1A1Ixp33_ASAP7_75t_R)       15.12     450.78 f
  rd_data_o[7] (out)                       0.00     450.78 f
  data arrival time                                 450.78

  clock clk (rise edge)                 1000.00    1000.00
  clock network delay (ideal)              0.00    1000.00
  output external delay                 -100.00     900.00
  data required time                                900.00
  -----------------------------------------------------------
  data required time                                900.00
  data arrival time                                -450.78
  -----------------------------------------------------------
  slack (MET)                                       449.22


  Startpoint: rd_addr_i[4]
              (input port clocked by clk)
  Endpoint: rd_data_o[6]
            (output port clocked by clk)
  Path Group: clk
  Path Type: max

  Point                                    Incr       Path
  -----------------------------------------------------------
  clock clk (rise edge)                    0.00       0.00
  clock network delay (ideal)              0.00       0.00
  input external delay                   100.00     100.00 r
  rd_addr_i[4] (in)                        0.00     100.00 r
  U5362/Y (NOR2xp33_ASAP7_75t_R)           7.23     107.23 f
  U2727/Y (NAND2xp33_ASAP7_75t_R)         36.07     143.30 r
  U2655/Y (NOR2xp33_ASAP7_75t_R)         132.73     276.03 f
  U6587/Y (AOI22xp33_ASAP7_75t_R)         47.90     323.93 r
  U6591/Y (NAND4xp25_ASAP7_75t_R)         24.12     348.05 f
  U6592/Y (NOR4xp25_ASAP7_75t_R)          29.69     377.73 r
  U6593/Y (AO21x1_ASAP7_75t_R)            24.00     401.73 r
  U6594/Y (A2O1A1Ixp33_ASAP7_75t_R)       14.14     415.87 f
  U6595/Y (O2A1O1Ixp33_ASAP7_75t_R)       19.79     435.66 r
  U6596/Y (A2O1A1Ixp33_ASAP7_75t_R)       15.12     450.78 f
  rd_data_o[6] (out)                       0.00     450.78 f
  data arrival time                                 450.78

  clock clk (rise edge)                 1000.00    1000.00
  clock network delay (ideal)              0.00    1000.00
  output external delay                 -100.00     900.00
  data required time                                900.00
  -----------------------------------------------------------
  data required time                                900.00
  data arrival time                                -450.78
  -----------------------------------------------------------
  slack (MET)                                       449.22


  Startpoint: rd_addr_i[4]
              (input port clocked by clk)
  Endpoint: rd_data_o[5]
            (output port clocked by clk)
  Path Group: clk
  Path Type: max

  Point                                    Incr       Path
  -----------------------------------------------------------
  clock clk (rise edge)                    0.00       0.00
  clock network delay (ideal)              0.00       0.00
  input external delay                   100.00     100.00 r
  rd_addr_i[4] (in)                        0.00     100.00 r
  U5362/Y (NOR2xp33_ASAP7_75t_R)           7.23     107.23 f
  U2727/Y (NAND2xp33_ASAP7_75t_R)         36.07     143.30 r
  U2655/Y (NOR2xp33_ASAP7_75t_R)         132.73     276.03 f
  U6415/Y (AOI22xp33_ASAP7_75t_R)         47.90     323.93 r
  U6419/Y (NAND4xp25_ASAP7_75t_R)         24.12     348.05 f
  U6420/Y (NOR4xp25_ASAP7_75t_R)          29.69     377.73 r
  U6421/Y (AO21x1_ASAP7_75t_R)            24.00     401.73 r
  U6422/Y (A2O1A1Ixp33_ASAP7_75t_R)       14.14     415.87 f
  U6423/Y (O2A1O1Ixp33_ASAP7_75t_R)       19.79     435.66 r
  U6424/Y (A2O1A1Ixp33_ASAP7_75t_R)       15.12     450.78 f
  rd_data_o[5] (out)                       0.00     450.78 f
  data arrival time                                 450.78

  clock clk (rise edge)                 1000.00    1000.00
  clock network delay (ideal)              0.00    1000.00
  output external delay                 -100.00     900.00
  data required time                                900.00
  -----------------------------------------------------------
  data required time                                900.00
  data arrival time                                -450.78
  -----------------------------------------------------------
  slack (MET)                                       449.22


  Startpoint: rd_addr_i[4]
              (input port clocked by clk)
  Endpoint: rd_data_o[4]
            (output port clocked by clk)
  Path Group: clk
  Path Type: max

  Point                                    Incr       Path
  -----------------------------------------------------------
  clock clk (rise edge)                    0.00       0.00
  clock network delay (ideal)              0.00       0.00
  input external delay                   100.00     100.00 r
  rd_addr_i[4] (in)                        0.00     100.00 r
  U5362/Y (NOR2xp33_ASAP7_75t_R)           7.23     107.23 f
  U2727/Y (NAND2xp33_ASAP7_75t_R)         36.07     143.30 r
  U2655/Y (NOR2xp33_ASAP7_75t_R)         132.73     276.03 f
  U6243/Y (AOI22xp33_ASAP7_75t_R)         47.90     323.93 r
  U6247/Y (NAND4xp25_ASAP7_75t_R)         24.12     348.05 f
  U6248/Y (NOR4xp25_ASAP7_75t_R)          29.69     377.73 r
  U6249/Y (AO21x1_ASAP7_75t_R)            24.00     401.73 r
  U6250/Y (A2O1A1Ixp33_ASAP7_75t_R)       14.14     415.87 f
  U6251/Y (O2A1O1Ixp33_ASAP7_75t_R)       19.79     435.66 r
  U6252/Y (A2O1A1Ixp33_ASAP7_75t_R)       15.12     450.78 f
  rd_data_o[4] (out)                       0.00     450.78 f
  data arrival time                                 450.78

  clock clk (rise edge)                 1000.00    1000.00
  clock network delay (ideal)              0.00    1000.00
  output external delay                 -100.00     900.00
  data required time                                900.00
  -----------------------------------------------------------
  data required time                                900.00
  data arrival time                                -450.78
  -----------------------------------------------------------
  slack (MET)                                       449.22


  Startpoint: rd_addr_i[4]
              (input port clocked by clk)
  Endpoint: rd_data_o[3]
            (output port clocked by clk)
  Path Group: clk
  Path Type: max

  Point                                    Incr       Path
  -----------------------------------------------------------
  clock clk (rise edge)                    0.00       0.00
  clock network delay (ideal)              0.00       0.00
  input external delay                   100.00     100.00 r
  rd_addr_i[4] (in)                        0.00     100.00 r
  U5362/Y (NOR2xp33_ASAP7_75t_R)           7.23     107.23 f
  U2727/Y (NAND2xp33_ASAP7_75t_R)         36.07     143.30 r
  U2655/Y (NOR2xp33_ASAP7_75t_R)         132.73     276.03 f
  U6071/Y (AOI22xp33_ASAP7_75t_R)         47.90     323.93 r
  U6075/Y (NAND4xp25_ASAP7_75t_R)         24.12     348.05 f
  U6076/Y (NOR4xp25_ASAP7_75t_R)          29.69     377.73 r
  U6077/Y (AO21x1_ASAP7_75t_R)            24.00     401.73 r
  U6078/Y (A2O1A1Ixp33_ASAP7_75t_R)       14.14     415.87 f
  U6079/Y (O2A1O1Ixp33_ASAP7_75t_R)       19.79     435.66 r
  U6080/Y (A2O1A1Ixp33_ASAP7_75t_R)       15.12     450.78 f
  rd_data_o[3] (out)                       0.00     450.78 f
  data arrival time                                 450.78

  clock clk (rise edge)                 1000.00    1000.00
  clock network delay (ideal)              0.00    1000.00
  output external delay                 -100.00     900.00
  data required time                                900.00
  -----------------------------------------------------------
  data required time                                900.00
  data arrival time                                -450.78
  -----------------------------------------------------------
  slack (MET)                                       449.22


  Startpoint: rd_addr_i[4]
              (input port clocked by clk)
  Endpoint: rd_data_o[2]
            (output port clocked by clk)
  Path Group: clk
  Path Type: max

  Point                                    Incr       Path
  -----------------------------------------------------------
  clock clk (rise edge)                    0.00       0.00
  clock network delay (ideal)              0.00       0.00
  input external delay                   100.00     100.00 r
  rd_addr_i[4] (in)                        0.00     100.00 r
  U5362/Y (NOR2xp33_ASAP7_75t_R)           7.23     107.23 f
  U2727/Y (NAND2xp33_ASAP7_75t_R)         36.07     143.30 r
  U2655/Y (NOR2xp33_ASAP7_75t_R)         132.73     276.03 f
  U5899/Y (AOI22xp33_ASAP7_75t_R)         47.90     323.93 r
  U5903/Y (NAND4xp25_ASAP7_75t_R)         24.12     348.05 f
  U5904/Y (NOR4xp25_ASAP7_75t_R)          29.69     377.73 r
  U5905/Y (AO21x1_ASAP7_75t_R)            24.00     401.73 r
  U5906/Y (A2O1A1Ixp33_ASAP7_75t_R)       14.14     415.87 f
  U5907/Y (O2A1O1Ixp33_ASAP7_75t_R)       19.79     435.66 r
  U5908/Y (A2O1A1Ixp33_ASAP7_75t_R)       15.12     450.78 f
  rd_data_o[2] (out)                       0.00     450.78 f
  data arrival time                                 450.78

  clock clk (rise edge)                 1000.00    1000.00
  clock network delay (ideal)              0.00    1000.00
  output external delay                 -100.00     900.00
  data required time                                900.00
  -----------------------------------------------------------
  data required time                                900.00
  data arrival time                                -450.78
  -----------------------------------------------------------
  slack (MET)                                       449.22


  Startpoint: rd_addr_i[4]
              (input port clocked by clk)
  Endpoint: rd_data_o[1]
            (output port clocked by clk)
  Path Group: clk
  Path Type: max

  Point                                    Incr       Path
  -----------------------------------------------------------
  clock clk (rise edge)                    0.00       0.00
  clock network delay (ideal)              0.00       0.00
  input external delay                   100.00     100.00 r
  rd_addr_i[4] (in)                        0.00     100.00 r
  U5362/Y (NOR2xp33_ASAP7_75t_R)           7.23     107.23 f
  U2727/Y (NAND2xp33_ASAP7_75t_R)         36.07     143.30 r
  U2655/Y (NOR2xp33_ASAP7_75t_R)         132.73     276.03 f
  U5727/Y (AOI22xp33_ASAP7_75t_R)         47.90     323.93 r
  U5731/Y (NAND4xp25_ASAP7_75t_R)         24.12     348.05 f
  U5732/Y (NOR4xp25_ASAP7_75t_R)          29.69     377.73 r
  U5733/Y (AO21x1_ASAP7_75t_R)            24.00     401.73 r
  U5734/Y (A2O1A1Ixp33_ASAP7_75t_R)       14.14     415.87 f
  U5735/Y (O2A1O1Ixp33_ASAP7_75t_R)       19.79     435.66 r
  U5736/Y (A2O1A1Ixp33_ASAP7_75t_R)       15.12     450.78 f
  rd_data_o[1] (out)                       0.00     450.78 f
  data arrival time                                 450.78

  clock clk (rise edge)                 1000.00    1000.00
  clock network delay (ideal)              0.00    1000.00
  output external delay                 -100.00     900.00
  data required time                                900.00
  -----------------------------------------------------------
  data required time                                900.00
  data arrival time                                -450.78
  -----------------------------------------------------------
  slack (MET)                                       449.22


  Startpoint: rd_addr_i[4]
              (input port clocked by clk)
  Endpoint: rd_data_o[0]
            (output port clocked by clk)
  Path Group: clk
  Path Type: max

  Point                                    Incr       Path
  -----------------------------------------------------------
  clock clk (rise edge)                    0.00       0.00
  clock network delay (ideal)              0.00       0.00
  input external delay                   100.00     100.00 r
  rd_addr_i[4] (in)                        0.00     100.00 r
  U5362/Y (NOR2xp33_ASAP7_75t_R)           7.23     107.23 f
  U2727/Y (NAND2xp33_ASAP7_75t_R)         36.07     143.30 r
  U2655/Y (NOR2xp33_ASAP7_75t_R)         132.73     276.03 f
  U5554/Y (AOI22xp33_ASAP7_75t_R)         47.90     323.93 r
  U5558/Y (NAND4xp25_ASAP7_75t_R)         24.12     348.05 f
  U5559/Y (NOR4xp25_ASAP7_75t_R)          29.69     377.73 r
  U5561/Y (AO21x1_ASAP7_75t_R)            24.00     401.73 r
  U5562/Y (A2O1A1Ixp33_ASAP7_75t_R)       14.14     415.87 f
  U5563/Y (O2A1O1Ixp33_ASAP7_75t_R)       19.79     435.66 r
  U5564/Y (A2O1A1Ixp33_ASAP7_75t_R)       15.12     450.78 f
  rd_data_o[0] (out)                       0.00     450.78 f
  data arrival time                                 450.78

  clock clk (rise edge)                 1000.00    1000.00
  clock network delay (ideal)              0.00    1000.00
  output external delay                 -100.00     900.00
  data required time                                900.00
  -----------------------------------------------------------
  data required time                                900.00
  data arrival time                                -450.78
  -----------------------------------------------------------
  slack (MET)                                       449.22


  Startpoint: wr_en_i (input port clocked by clk)
  Endpoint: mem_r_reg[1][1]
            (rising edge-triggered flip-flop clocked by clk)
  Path Group: clk
  Path Type: max

  Point                                                   Incr       Path
  --------------------------------------------------------------------------
  clock clk (rise edge)                                   0.00       0.00
  clock network delay (ideal)                             0.00       0.00
  input external delay                                  100.00     100.00 f
  wr_en_i (in)                                            0.00     100.00 f
  U2746/Y (INVxp33_ASAP7_75t_R)                          12.62     112.62 r
  U2930/Y (OAI31xp33_ASAP7_75t_R)                        22.86     135.48 f
  U2931/Y (NAND2xp33_ASAP7_75t_R)                        71.11     206.60 r
  U4034/Y (NOR2xp33_ASAP7_75t_R)                         76.30     282.90 f
  U4035/Y (INVxp33_ASAP7_75t_R)                          68.23     351.13 r
  U4037/Y (AOI22xp33_ASAP7_75t_R)                        26.47     377.60 f
  mem_r_reg[1][1]/D (DFFHQNx1_ASAP7_75t_R)                0.00     377.60 f
  data arrival time                                                377.60

  clock clk (rise edge)                                1000.00    1000.00
  clock network delay (ideal)                             0.00    1000.00
  mem_r_reg[1][1]/CLK (DFFHQNx1_ASAP7_75t_R)              0.00    1000.00 r
  library setup time                                     -9.83     990.17
  data required time                                               990.17
  --------------------------------------------------------------------------
  data required time                                               990.17
  data arrival time                                               -377.60
  --------------------------------------------------------------------------
  slack (MET)                                                      612.58


  Startpoint: wr_en_i (input port clocked by clk)
  Endpoint: mem_r_reg[2][1]
            (rising edge-triggered flip-flop clocked by clk)
  Path Group: clk
  Path Type: max

  Point                                                   Incr       Path
  --------------------------------------------------------------------------
  clock clk (rise edge)                                   0.00       0.00
  clock network delay (ideal)                             0.00       0.00
  input external delay                                  100.00     100.00 f
  wr_en_i (in)                                            0.00     100.00 f
  U2746/Y (INVxp33_ASAP7_75t_R)                          12.62     112.62 r
  U2930/Y (OAI31xp33_ASAP7_75t_R)                        22.86     135.48 f
  U2931/Y (NAND2xp33_ASAP7_75t_R)                        71.11     206.60 r
  U4024/Y (NOR2xp33_ASAP7_75t_R)                         76.30     282.90 f
  U4025/Y (INVxp33_ASAP7_75t_R)                          68.23     351.13 r
  U4027/Y (AOI22xp33_ASAP7_75t_R)                        26.47     377.60 f
  mem_r_reg[2][1]/D (DFFHQNx1_ASAP7_75t_R)                0.00     377.60 f
  data arrival time                                                377.60

  clock clk (rise edge)                                1000.00    1000.00
  clock network delay (ideal)                             0.00    1000.00
  mem_r_reg[2][1]/CLK (DFFHQNx1_ASAP7_75t_R)              0.00    1000.00 r
  library setup time                                     -9.83     990.17
  data required time                                               990.17
  --------------------------------------------------------------------------
  data required time                                               990.17
  data arrival time                                               -377.60
  --------------------------------------------------------------------------
  slack (MET)                                                      612.58


1
