 
****************************************
Report : area
Design : segfold_pe
Version: Y-2026.03
Date   : Wed Apr  1 15:03:21 2026
****************************************

Information: Updating design information... (UID-85)
Library(s) Used:

    asap7sc7p5t_AO_RVT_TT_ccs_211120 (File: /mnt/nas0/eda.libs/asap7/asap7sc7p5t_28/LIB/CCS/asap7sc7p5t_AO_RVT_TT_ccs_211120.db)
    asap7sc7p5t_INVBUF_RVT_TT_nldm (File: /mnt/nas0/eda.libs/asap7/asap7sc7p5t_28/LIB/NLDM/asap7sc7p5t_INVBUF_RVT_TT_nldm.db)
    asap7sc7p5t_SIMPLE_RVT_TT_ccs_211120 (File: /mnt/nas0/eda.libs/asap7/asap7sc7p5t_28/LIB/CCS/asap7sc7p5t_SIMPLE_RVT_TT_ccs_211120.db)
    asap7sc7p5t_OA_RVT_TT_ccs_211120 (File: /mnt/nas0/eda.libs/asap7/asap7sc7p5t_28/LIB/CCS/asap7sc7p5t_OA_RVT_TT_ccs_211120.db)
    asap7sc7p5t_SEQ_RVT_TT_ccs_220123 (File: /mnt/nas0/eda.libs/asap7/asap7sc7p5t_28/LIB/CCS/asap7sc7p5t_SEQ_RVT_TT_ccs_220123.db)

Number of ports:                          356
Number of nets:                           872
Number of cells:                          685
Number of combinational cells:            509
Number of sequential cells:               176
Number of macros/black boxes:               0
Number of buf/inv:                         60
Number of references:                      37

Combinational area:                 51.423659
Buf/Inv area:                        2.682720
Noncombinational area:              51.321598
Macro/Black Box area:                0.000000
Net Interconnect area:      undefined  (No wire load specified)

Total cell area:                   102.745257
Total area:                 undefined
1
