 
****************************************
Report : timing
        -path full
        -delay max
        -max_paths 10
Design : segfold_pe
Version: Y-2026.03
Date   : Wed Apr  1 15:03:21 2026
****************************************

Operating Conditions: PVT_0P7V_25C   Library: asap7sc7p5t_AO_RVT_TT_ccs_211120
Wire Load Model Mode: top

  Startpoint: a_data_r_reg[5]
              (rising edge-triggered flip-flop clocked by clk)
  Endpoint: c_val_r_reg[30]
            (rising edge-triggered flip-flop clocked by clk)
  Path Group: clk
  Path Type: max

  Point                                                   Incr       Path
  --------------------------------------------------------------------------
  clock clk (rise edge)                                   0.00       0.00
  clock network delay (ideal)                             0.00       0.00
  a_data_r_reg[5]/CLK (DFFHQNx1_ASAP7_75t_R)              0.00       0.00 r
  a_data_r_reg[5]/QN (DFFHQNx1_ASAP7_75t_R)              56.35      56.35 f
  U318/Y (INVxp33_ASAP7_75t_R)                           36.60      92.95 r
  U710/Y (NOR2xp33_ASAP7_75t_R)                          33.41     126.36 f
  DP_OP_101J1_122_2085/U102/CON (FAx1_ASAP7_75t_R)       37.79     164.15 r
  DP_OP_101J1_122_2085/U102/SN (FAx1_ASAP7_75t_R)        18.35     182.50 f
  U690/Y (INVxp67_ASAP7_75t_R)                           19.89     202.40 r
  DP_OP_101J1_122_2085/U100/CON (FAx1_ASAP7_75t_R)       23.59     225.99 f
  DP_OP_101J1_122_2085/U96/SN (FAx1_ASAP7_75t_R)         67.51     293.49 f
  DP_OP_101J1_122_2085/U52/CON (FAx1_ASAP7_75t_R)        37.34     330.83 r
  U380/Y (MAJx2_ASAP7_75t_R)                             33.98     364.81 r
  U381/Y (MAJIxp5_ASAP7_75t_R)                           17.36     382.17 f
  U383/Y (MAJx2_ASAP7_75t_R)                             34.24     416.41 f
  U384/Y (MAJIxp5_ASAP7_75t_R)                           21.16     437.57 r
  U385/Y (AO21x1_ASAP7_75t_R)                            28.03     465.60 r
  U386/Y (MAJIxp5_ASAP7_75t_R)                           18.66     484.26 f
  U388/Y (AO21x1_ASAP7_75t_R)                            29.13     513.39 f
  U389/Y (AO21x1_ASAP7_75t_R)                            24.12     537.51 f
  DP_OP_101J1_122_2085/U33/CON (FAx1_ASAP7_75t_R)        26.55     564.06 r
  U329/Y (MAJIxp5_ASAP7_75t_R)                           27.82     591.88 f
  U331/Y (MAJIxp5_ASAP7_75t_R)                           29.49     621.37 r
  U332/Y (MAJIxp5_ASAP7_75t_R)                           25.62     646.99 f
  DP_OP_101J1_122_2085/U25/CON (FAx1_ASAP7_75t_R)        33.84     680.83 r
  U337/Y (MAJIxp5_ASAP7_75t_R)                           27.28     708.11 f
  U339/Y (MAJIxp5_ASAP7_75t_R)                           29.24     737.36 r
  U340/Y (MAJIxp5_ASAP7_75t_R)                           25.96     763.32 f
  U342/Y (MAJIxp5_ASAP7_75t_R)                           29.44     792.76 r
  U343/Y (MAJIxp5_ASAP7_75t_R)                           25.96     818.72 f
  U345/Y (MAJIxp5_ASAP7_75t_R)                           29.44     848.16 r
  U346/Y (MAJIxp5_ASAP7_75t_R)                           21.48     869.64 f
  U348/Y (MAJIxp5_ASAP7_75t_R)                           27.22     896.86 r
  U349/Y (MAJIxp5_ASAP7_75t_R)                           25.96     922.82 f
  U716/Y (XNOR2xp5_ASAP7_75t_R)                          20.87     943.69 r
  U717/Y (OAI22xp5_ASAP7_75t_R)                          13.52     957.21 f
  U718/Y (AOI21xp33_ASAP7_75t_R)                         23.08     980.29 r
  c_val_r_reg[30]/D (DFFHQNx1_ASAP7_75t_R)                0.00     980.29 r
  data arrival time                                                980.29

  clock clk (rise edge)                                1000.00    1000.00
  clock network delay (ideal)                             0.00    1000.00
  c_val_r_reg[30]/CLK (DFFHQNx1_ASAP7_75t_R)              0.00    1000.00 r
  library setup time                                    -19.35     980.65
  data required time                                               980.65
  --------------------------------------------------------------------------
  data required time                                               980.65
  data arrival time                                               -980.29
  --------------------------------------------------------------------------
  slack (MET)                                                        0.36


  Startpoint: a_data_r_reg[6]
              (rising edge-triggered flip-flop clocked by clk)
  Endpoint: c_val_r_reg[31]
            (rising edge-triggered flip-flop clocked by clk)
  Path Group: clk
  Path Type: max

  Point                                                   Incr       Path
  --------------------------------------------------------------------------
  clock clk (rise edge)                                   0.00       0.00
  clock network delay (ideal)                             0.00       0.00
  a_data_r_reg[6]/CLK (DFFHQNx1_ASAP7_75t_R)              0.00       0.00 r
  a_data_r_reg[6]/QN (DFFHQNx1_ASAP7_75t_R)              56.35      56.35 f
  U551/Y (INVxp33_ASAP7_75t_R)                           36.61      92.96 r
  U705/Y (NOR2xp33_ASAP7_75t_R)                          38.95     131.91 f
  DP_OP_101J1_122_2085/U93/CON (FAx1_ASAP7_75t_R)        41.97     173.88 r
  DP_OP_101J1_122_2085/U93/SN (FAx1_ASAP7_75t_R)         24.96     198.83 f
  DP_OP_101J1_122_2085/U92/CON (FAx1_ASAP7_75t_R)        38.60     237.43 r
  DP_OP_101J1_122_2085/U92/SN (FAx1_ASAP7_75t_R)         24.83     262.26 f
  DP_OP_101J1_122_2085/U91/CON (FAx1_ASAP7_75t_R)        40.08     302.35 r
  DP_OP_101J1_122_2085/U91/SN (FAx1_ASAP7_75t_R)         28.22     330.57 f
  U380/Y (MAJx2_ASAP7_75t_R)                             38.76     369.33 f
  U381/Y (MAJIxp5_ASAP7_75t_R)                           21.27     390.60 r
  U383/Y (MAJx2_ASAP7_75t_R)                             31.55     422.15 r
  U384/Y (MAJIxp5_ASAP7_75t_R)                           17.34     439.50 f
  U385/Y (AO21x1_ASAP7_75t_R)                            28.83     468.33 f
  U386/Y (MAJIxp5_ASAP7_75t_R)                           21.62     489.95 r
  U388/Y (AO21x1_ASAP7_75t_R)                            27.63     517.58 r
  U389/Y (AO21x1_ASAP7_75t_R)                            23.08     540.66 r
  DP_OP_101J1_122_2085/U33/CON (FAx1_ASAP7_75t_R)        21.09     561.76 f
  U329/Y (MAJIxp5_ASAP7_75t_R)                           30.27     592.03 r
  U331/Y (MAJIxp5_ASAP7_75t_R)                           25.17     617.19 f
  U332/Y (MAJIxp5_ASAP7_75t_R)                           28.70     645.90 r
  DP_OP_101J1_122_2085/U25/CON (FAx1_ASAP7_75t_R)        29.35     675.25 f
  U337/Y (MAJIxp5_ASAP7_75t_R)                           31.16     706.41 r
  U339/Y (MAJIxp5_ASAP7_75t_R)                           25.45     731.86 f
  U340/Y (MAJIxp5_ASAP7_75t_R)                           28.36     760.22 r
  U342/Y (MAJIxp5_ASAP7_75t_R)                           25.18     785.40 f
  U343/Y (MAJIxp5_ASAP7_75t_R)                           28.36     813.75 r
  U345/Y (MAJIxp5_ASAP7_75t_R)                           25.18     838.93 f
  U346/Y (MAJIxp5_ASAP7_75t_R)                           23.85     862.78 r
  U348/Y (MAJIxp5_ASAP7_75t_R)                           23.19     885.97 f
  U349/Y (MAJIxp5_ASAP7_75t_R)                           28.36     914.33 r
  U350/Y (MAJIxp5_ASAP7_75t_R)                           21.87     936.20 f
  U351/Y (XNOR2xp5_ASAP7_75t_R)                          24.90     961.10 f
  U372/Y (AOI21xp33_ASAP7_75t_R)                         16.44     977.55 r
  c_val_r_reg[31]/D (DFFHQNx1_ASAP7_75t_R)                0.00     977.55 r
  data arrival time                                                977.55

  clock clk (rise edge)                                1000.00    1000.00
  clock network delay (ideal)                             0.00    1000.00
  c_val_r_reg[31]/CLK (DFFHQNx1_ASAP7_75t_R)              0.00    1000.00 r
  library setup time                                    -17.90     982.10
  data required time                                               982.10
  --------------------------------------------------------------------------
  data required time                                               982.10
  data arrival time                                               -977.55
  --------------------------------------------------------------------------
  slack (MET)                                                        4.55


  Startpoint: a_data_r_reg[5]
              (rising edge-triggered flip-flop clocked by clk)
  Endpoint: c_val_r_reg[28]
            (rising edge-triggered flip-flop clocked by clk)
  Path Group: clk
  Path Type: max

  Point                                                   Incr       Path
  --------------------------------------------------------------------------
  clock clk (rise edge)                                   0.00       0.00
  clock network delay (ideal)                             0.00       0.00
  a_data_r_reg[5]/CLK (DFFHQNx1_ASAP7_75t_R)              0.00       0.00 r
  a_data_r_reg[5]/QN (DFFHQNx1_ASAP7_75t_R)              56.35      56.35 f
  U318/Y (INVxp33_ASAP7_75t_R)                           36.60      92.95 r
  U710/Y (NOR2xp33_ASAP7_75t_R)                          33.41     126.36 f
  DP_OP_101J1_122_2085/U102/CON (FAx1_ASAP7_75t_R)       37.79     164.15 r
  DP_OP_101J1_122_2085/U102/SN (FAx1_ASAP7_75t_R)        18.35     182.50 f
  U690/Y (INVxp67_ASAP7_75t_R)                           19.89     202.40 r
  DP_OP_101J1_122_2085/U100/CON (FAx1_ASAP7_75t_R)       23.59     225.99 f
  DP_OP_101J1_122_2085/U96/SN (FAx1_ASAP7_75t_R)         67.51     293.49 f
  DP_OP_101J1_122_2085/U52/CON (FAx1_ASAP7_75t_R)        37.34     330.83 r
  U380/Y (MAJx2_ASAP7_75t_R)                             33.98     364.81 r
  U381/Y (MAJIxp5_ASAP7_75t_R)                           17.36     382.17 f
  U383/Y (MAJx2_ASAP7_75t_R)                             34.24     416.41 f
  U384/Y (MAJIxp5_ASAP7_75t_R)                           21.16     437.57 r
  U385/Y (AO21x1_ASAP7_75t_R)                            28.03     465.60 r
  U386/Y (MAJIxp5_ASAP7_75t_R)                           18.66     484.26 f
  U388/Y (AO21x1_ASAP7_75t_R)                            29.13     513.39 f
  U389/Y (AO21x1_ASAP7_75t_R)                            24.12     537.51 f
  DP_OP_101J1_122_2085/U33/CON (FAx1_ASAP7_75t_R)        26.55     564.06 r
  U329/Y (MAJIxp5_ASAP7_75t_R)                           27.82     591.88 f
  U331/Y (MAJIxp5_ASAP7_75t_R)                           29.49     621.37 r
  U332/Y (MAJIxp5_ASAP7_75t_R)                           25.62     646.99 f
  DP_OP_101J1_122_2085/U25/CON (FAx1_ASAP7_75t_R)        33.84     680.83 r
  U337/Y (MAJIxp5_ASAP7_75t_R)                           27.28     708.11 f
  U339/Y (MAJIxp5_ASAP7_75t_R)                           29.24     737.36 r
  U340/Y (MAJIxp5_ASAP7_75t_R)                           25.96     763.32 f
  U342/Y (MAJIxp5_ASAP7_75t_R)                           29.44     792.76 r
  U343/Y (MAJIxp5_ASAP7_75t_R)                           25.96     818.72 f
  U345/Y (MAJIxp5_ASAP7_75t_R)                           29.44     848.16 r
  U346/Y (MAJIxp5_ASAP7_75t_R)                           21.48     869.64 f
  U721/Y (HB1xp67_ASAP7_75t_R)                           28.13     897.78 f
  U722/Y (XNOR2xp5_ASAP7_75t_R)                          13.64     911.42 r
  U723/Y (OAI22xp33_ASAP7_75t_R)                         14.18     925.60 f
  U724/Y (AOI21xp33_ASAP7_75t_R)                         24.37     949.97 r
  c_val_r_reg[28]/D (DFFHQNx1_ASAP7_75t_R)                0.00     949.97 r
  data arrival time                                                949.97

  clock clk (rise edge)                                1000.00    1000.00
  clock network delay (ideal)                             0.00    1000.00
  c_val_r_reg[28]/CLK (DFFHQNx1_ASAP7_75t_R)              0.00    1000.00 r
  library setup time                                    -19.35     980.65
  data required time                                               980.65
  --------------------------------------------------------------------------
  data required time                                               980.65
  data arrival time                                               -949.97
  --------------------------------------------------------------------------
  slack (MET)                                                       30.68


  Startpoint: a_data_r_reg[5]
              (rising edge-triggered flip-flop clocked by clk)
  Endpoint: c_val_r_reg[29]
            (rising edge-triggered flip-flop clocked by clk)
  Path Group: clk
  Path Type: max

  Point                                                   Incr       Path
  --------------------------------------------------------------------------
  clock clk (rise edge)                                   0.00       0.00
  clock network delay (ideal)                             0.00       0.00
  a_data_r_reg[5]/CLK (DFFHQNx1_ASAP7_75t_R)              0.00       0.00 r
  a_data_r_reg[5]/QN (DFFHQNx1_ASAP7_75t_R)              56.35      56.35 f
  U318/Y (INVxp33_ASAP7_75t_R)                           36.60      92.95 r
  U710/Y (NOR2xp33_ASAP7_75t_R)                          33.41     126.36 f
  DP_OP_101J1_122_2085/U102/CON (FAx1_ASAP7_75t_R)       37.79     164.15 r
  DP_OP_101J1_122_2085/U102/SN (FAx1_ASAP7_75t_R)        18.35     182.50 f
  U690/Y (INVxp67_ASAP7_75t_R)                           19.89     202.40 r
  DP_OP_101J1_122_2085/U100/CON (FAx1_ASAP7_75t_R)       23.59     225.99 f
  DP_OP_101J1_122_2085/U96/SN (FAx1_ASAP7_75t_R)         67.51     293.49 f
  DP_OP_101J1_122_2085/U52/CON (FAx1_ASAP7_75t_R)        37.34     330.83 r
  U380/Y (MAJx2_ASAP7_75t_R)                             33.98     364.81 r
  U381/Y (MAJIxp5_ASAP7_75t_R)                           17.36     382.17 f
  U383/Y (MAJx2_ASAP7_75t_R)                             34.24     416.41 f
  U384/Y (MAJIxp5_ASAP7_75t_R)                           21.16     437.57 r
  U385/Y (AO21x1_ASAP7_75t_R)                            28.03     465.60 r
  U386/Y (MAJIxp5_ASAP7_75t_R)                           18.66     484.26 f
  U388/Y (AO21x1_ASAP7_75t_R)                            29.13     513.39 f
  U389/Y (AO21x1_ASAP7_75t_R)                            24.12     537.51 f
  DP_OP_101J1_122_2085/U33/CON (FAx1_ASAP7_75t_R)        26.55     564.06 r
  U329/Y (MAJIxp5_ASAP7_75t_R)                           27.82     591.88 f
  U331/Y (MAJIxp5_ASAP7_75t_R)                           29.49     621.37 r
  U332/Y (MAJIxp5_ASAP7_75t_R)                           25.62     646.99 f
  DP_OP_101J1_122_2085/U25/CON (FAx1_ASAP7_75t_R)        33.84     680.83 r
  U337/Y (MAJIxp5_ASAP7_75t_R)                           27.28     708.11 f
  U339/Y (MAJIxp5_ASAP7_75t_R)                           29.24     737.36 r
  U340/Y (MAJIxp5_ASAP7_75t_R)                           25.96     763.32 f
  U342/Y (MAJIxp5_ASAP7_75t_R)                           29.44     792.76 r
  U343/Y (MAJIxp5_ASAP7_75t_R)                           25.96     818.72 f
  U345/Y (MAJIxp5_ASAP7_75t_R)                           29.44     848.16 r
  U346/Y (MAJIxp5_ASAP7_75t_R)                           21.48     869.64 f
  U348/Y (MAJIxp5_ASAP7_75t_R)                           27.22     896.86 r
  U619/Y (XOR2xp5_ASAP7_75t_R)                           17.90     914.76 f
  U620/Y (AOI222xp33_ASAP7_75t_R)                        25.12     939.88 r
  c_val_r_reg[29]/D (DFFHQNx1_ASAP7_75t_R)                0.00     939.88 r
  data arrival time                                                939.88

  clock clk (rise edge)                                1000.00    1000.00
  clock network delay (ideal)                             0.00    1000.00
  c_val_r_reg[29]/CLK (DFFHQNx1_ASAP7_75t_R)              0.00    1000.00 r
  library setup time                                    -26.15     973.85
  data required time                                               973.85
  --------------------------------------------------------------------------
  data required time                                               973.85
  data arrival time                                               -939.88
  --------------------------------------------------------------------------
  slack (MET)                                                       33.96


  Startpoint: a_data_r_reg[5]
              (rising edge-triggered flip-flop clocked by clk)
  Endpoint: c_val_r_reg[27]
            (rising edge-triggered flip-flop clocked by clk)
  Path Group: clk
  Path Type: max

  Point                                                   Incr       Path
  --------------------------------------------------------------------------
  clock clk (rise edge)                                   0.00       0.00
  clock network delay (ideal)                             0.00       0.00
  a_data_r_reg[5]/CLK (DFFHQNx1_ASAP7_75t_R)              0.00       0.00 r
  a_data_r_reg[5]/QN (DFFHQNx1_ASAP7_75t_R)              56.35      56.35 f
  U318/Y (INVxp33_ASAP7_75t_R)                           36.60      92.95 r
  U710/Y (NOR2xp33_ASAP7_75t_R)                          33.41     126.36 f
  DP_OP_101J1_122_2085/U102/CON (FAx1_ASAP7_75t_R)       37.79     164.15 r
  DP_OP_101J1_122_2085/U102/SN (FAx1_ASAP7_75t_R)        18.35     182.50 f
  U690/Y (INVxp67_ASAP7_75t_R)                           19.89     202.40 r
  DP_OP_101J1_122_2085/U100/CON (FAx1_ASAP7_75t_R)       23.59     225.99 f
  DP_OP_101J1_122_2085/U96/SN (FAx1_ASAP7_75t_R)         67.51     293.49 f
  DP_OP_101J1_122_2085/U52/CON (FAx1_ASAP7_75t_R)        37.34     330.83 r
  U380/Y (MAJx2_ASAP7_75t_R)                             33.98     364.81 r
  U381/Y (MAJIxp5_ASAP7_75t_R)                           17.36     382.17 f
  U383/Y (MAJx2_ASAP7_75t_R)                             34.24     416.41 f
  U384/Y (MAJIxp5_ASAP7_75t_R)                           21.16     437.57 r
  U385/Y (AO21x1_ASAP7_75t_R)                            28.03     465.60 r
  U386/Y (MAJIxp5_ASAP7_75t_R)                           18.66     484.26 f
  U388/Y (AO21x1_ASAP7_75t_R)                            29.13     513.39 f
  U389/Y (AO21x1_ASAP7_75t_R)                            24.12     537.51 f
  DP_OP_101J1_122_2085/U33/CON (FAx1_ASAP7_75t_R)        26.55     564.06 r
  U329/Y (MAJIxp5_ASAP7_75t_R)                           27.82     591.88 f
  U331/Y (MAJIxp5_ASAP7_75t_R)                           29.49     621.37 r
  U332/Y (MAJIxp5_ASAP7_75t_R)                           25.62     646.99 f
  DP_OP_101J1_122_2085/U25/CON (FAx1_ASAP7_75t_R)        33.84     680.83 r
  U337/Y (MAJIxp5_ASAP7_75t_R)                           27.28     708.11 f
  U339/Y (MAJIxp5_ASAP7_75t_R)                           29.24     737.36 r
  U340/Y (MAJIxp5_ASAP7_75t_R)                           25.96     763.32 f
  U342/Y (MAJIxp5_ASAP7_75t_R)                           29.44     792.76 r
  U343/Y (MAJIxp5_ASAP7_75t_R)                           25.96     818.72 f
  U345/Y (MAJIxp5_ASAP7_75t_R)                           29.44     848.16 r
  U580/Y (XOR2xp5_ASAP7_75t_R)                           17.90     866.07 f
  U581/Y (AOI222xp33_ASAP7_75t_R)                        25.12     891.19 r
  c_val_r_reg[27]/D (DFFHQNx1_ASAP7_75t_R)                0.00     891.19 r
  data arrival time                                                891.19

  clock clk (rise edge)                                1000.00    1000.00
  clock network delay (ideal)                             0.00    1000.00
  c_val_r_reg[27]/CLK (DFFHQNx1_ASAP7_75t_R)              0.00    1000.00 r
  library setup time                                    -26.15     973.85
  data required time                                               973.85
  --------------------------------------------------------------------------
  data required time                                               973.85
  data arrival time                                               -891.19
  --------------------------------------------------------------------------
  slack (MET)                                                       82.66


  Startpoint: a_data_r_reg[5]
              (rising edge-triggered flip-flop clocked by clk)
  Endpoint: c_val_r_reg[26]
            (rising edge-triggered flip-flop clocked by clk)
  Path Group: clk
  Path Type: max

  Point                                                   Incr       Path
  --------------------------------------------------------------------------
  clock clk (rise edge)                                   0.00       0.00
  clock network delay (ideal)                             0.00       0.00
  a_data_r_reg[5]/CLK (DFFHQNx1_ASAP7_75t_R)              0.00       0.00 r
  a_data_r_reg[5]/QN (DFFHQNx1_ASAP7_75t_R)              56.35      56.35 f
  U318/Y (INVxp33_ASAP7_75t_R)                           36.60      92.95 r
  U710/Y (NOR2xp33_ASAP7_75t_R)                          33.41     126.36 f
  DP_OP_101J1_122_2085/U102/CON (FAx1_ASAP7_75t_R)       37.79     164.15 r
  DP_OP_101J1_122_2085/U102/SN (FAx1_ASAP7_75t_R)        18.35     182.50 f
  U690/Y (INVxp67_ASAP7_75t_R)                           19.89     202.40 r
  DP_OP_101J1_122_2085/U100/CON (FAx1_ASAP7_75t_R)       23.59     225.99 f
  DP_OP_101J1_122_2085/U96/SN (FAx1_ASAP7_75t_R)         67.51     293.49 f
  DP_OP_101J1_122_2085/U52/CON (FAx1_ASAP7_75t_R)        37.34     330.83 r
  U380/Y (MAJx2_ASAP7_75t_R)                             33.98     364.81 r
  U381/Y (MAJIxp5_ASAP7_75t_R)                           17.36     382.17 f
  U383/Y (MAJx2_ASAP7_75t_R)                             34.24     416.41 f
  U384/Y (MAJIxp5_ASAP7_75t_R)                           21.16     437.57 r
  U385/Y (AO21x1_ASAP7_75t_R)                            28.03     465.60 r
  U386/Y (MAJIxp5_ASAP7_75t_R)                           18.66     484.26 f
  U388/Y (AO21x1_ASAP7_75t_R)                            29.13     513.39 f
  U389/Y (AO21x1_ASAP7_75t_R)                            24.12     537.51 f
  DP_OP_101J1_122_2085/U33/CON (FAx1_ASAP7_75t_R)        26.55     564.06 r
  U329/Y (MAJIxp5_ASAP7_75t_R)                           27.82     591.88 f
  U331/Y (MAJIxp5_ASAP7_75t_R)                           29.49     621.37 r
  U332/Y (MAJIxp5_ASAP7_75t_R)                           25.62     646.99 f
  DP_OP_101J1_122_2085/U25/CON (FAx1_ASAP7_75t_R)        33.84     680.83 r
  U337/Y (MAJIxp5_ASAP7_75t_R)                           27.28     708.11 f
  U339/Y (MAJIxp5_ASAP7_75t_R)                           29.24     737.36 r
  U340/Y (MAJIxp5_ASAP7_75t_R)                           25.96     763.32 f
  U342/Y (MAJIxp5_ASAP7_75t_R)                           29.44     792.76 r
  U343/Y (MAJIxp5_ASAP7_75t_R)                           25.96     818.72 f
  U567/Y (XNOR2xp5_ASAP7_75t_R)                          19.64     838.36 r
  U568/Y (OAI22xp33_ASAP7_75t_R)                         14.85     853.21 f
  U569/Y (AOI21xp33_ASAP7_75t_R)                         24.37     877.57 r
  c_val_r_reg[26]/D (DFFHQNx1_ASAP7_75t_R)                0.00     877.57 r
  data arrival time                                                877.57

  clock clk (rise edge)                                1000.00    1000.00
  clock network delay (ideal)                             0.00    1000.00
  c_val_r_reg[26]/CLK (DFFHQNx1_ASAP7_75t_R)              0.00    1000.00 r
  library setup time                                    -19.35     980.65
  data required time                                               980.65
  --------------------------------------------------------------------------
  data required time                                               980.65
  data arrival time                                               -877.57
  --------------------------------------------------------------------------
  slack (MET)                                                      103.08


  Startpoint: a_data_r_reg[6]
              (rising edge-triggered flip-flop clocked by clk)
  Endpoint: c_val_r_reg[25]
            (rising edge-triggered flip-flop clocked by clk)
  Path Group: clk
  Path Type: max

  Point                                                   Incr       Path
  --------------------------------------------------------------------------
  clock clk (rise edge)                                   0.00       0.00
  clock network delay (ideal)                             0.00       0.00
  a_data_r_reg[6]/CLK (DFFHQNx1_ASAP7_75t_R)              0.00       0.00 r
  a_data_r_reg[6]/QN (DFFHQNx1_ASAP7_75t_R)              56.35      56.35 f
  U551/Y (INVxp33_ASAP7_75t_R)                           36.61      92.96 r
  U705/Y (NOR2xp33_ASAP7_75t_R)                          38.95     131.91 f
  DP_OP_101J1_122_2085/U93/CON (FAx1_ASAP7_75t_R)        41.97     173.88 r
  DP_OP_101J1_122_2085/U93/SN (FAx1_ASAP7_75t_R)         24.96     198.83 f
  DP_OP_101J1_122_2085/U92/CON (FAx1_ASAP7_75t_R)        38.60     237.43 r
  DP_OP_101J1_122_2085/U92/SN (FAx1_ASAP7_75t_R)         24.83     262.26 f
  DP_OP_101J1_122_2085/U91/CON (FAx1_ASAP7_75t_R)        40.08     302.35 r
  DP_OP_101J1_122_2085/U91/SN (FAx1_ASAP7_75t_R)         28.22     330.57 f
  U380/Y (MAJx2_ASAP7_75t_R)                             38.76     369.33 f
  U381/Y (MAJIxp5_ASAP7_75t_R)                           21.27     390.60 r
  U383/Y (MAJx2_ASAP7_75t_R)                             31.55     422.15 r
  U384/Y (MAJIxp5_ASAP7_75t_R)                           17.34     439.50 f
  U385/Y (AO21x1_ASAP7_75t_R)                            28.83     468.33 f
  U386/Y (MAJIxp5_ASAP7_75t_R)                           21.62     489.95 r
  U388/Y (AO21x1_ASAP7_75t_R)                            27.63     517.58 r
  U389/Y (AO21x1_ASAP7_75t_R)                            23.08     540.66 r
  DP_OP_101J1_122_2085/U33/CON (FAx1_ASAP7_75t_R)        21.09     561.76 f
  U329/Y (MAJIxp5_ASAP7_75t_R)                           30.27     592.03 r
  U331/Y (MAJIxp5_ASAP7_75t_R)                           25.17     617.19 f
  U332/Y (MAJIxp5_ASAP7_75t_R)                           28.70     645.90 r
  DP_OP_101J1_122_2085/U25/CON (FAx1_ASAP7_75t_R)        29.35     675.25 f
  U337/Y (MAJIxp5_ASAP7_75t_R)                           31.16     706.41 r
  U339/Y (MAJIxp5_ASAP7_75t_R)                           25.45     731.86 f
  U340/Y (MAJIxp5_ASAP7_75t_R)                           28.36     760.22 r
  U342/Y (MAJIxp5_ASAP7_75t_R)                           25.18     785.40 f
  U583/Y (XOR2xp5_ASAP7_75t_R)                           25.56     810.95 f
  U584/Y (AOI222xp33_ASAP7_75t_R)                        25.12     836.07 r
  c_val_r_reg[25]/D (DFFHQNx1_ASAP7_75t_R)                0.00     836.07 r
  data arrival time                                                836.07

  clock clk (rise edge)                                1000.00    1000.00
  clock network delay (ideal)                             0.00    1000.00
  c_val_r_reg[25]/CLK (DFFHQNx1_ASAP7_75t_R)              0.00    1000.00 r
  library setup time                                    -26.15     973.85
  data required time                                               973.85
  --------------------------------------------------------------------------
  data required time                                               973.85
  data arrival time                                               -836.07
  --------------------------------------------------------------------------
  slack (MET)                                                      137.77


  Startpoint: a_data_r_reg[6]
              (rising edge-triggered flip-flop clocked by clk)
  Endpoint: c_val_r_reg[24]
            (rising edge-triggered flip-flop clocked by clk)
  Path Group: clk
  Path Type: max

  Point                                                   Incr       Path
  --------------------------------------------------------------------------
  clock clk (rise edge)                                   0.00       0.00
  clock network delay (ideal)                             0.00       0.00
  a_data_r_reg[6]/CLK (DFFHQNx1_ASAP7_75t_R)              0.00       0.00 r
  a_data_r_reg[6]/QN (DFFHQNx1_ASAP7_75t_R)              56.35      56.35 f
  U551/Y (INVxp33_ASAP7_75t_R)                           36.61      92.96 r
  U705/Y (NOR2xp33_ASAP7_75t_R)                          38.95     131.91 f
  DP_OP_101J1_122_2085/U93/CON (FAx1_ASAP7_75t_R)        41.97     173.88 r
  DP_OP_101J1_122_2085/U93/SN (FAx1_ASAP7_75t_R)         24.96     198.83 f
  DP_OP_101J1_122_2085/U92/CON (FAx1_ASAP7_75t_R)        38.60     237.43 r
  DP_OP_101J1_122_2085/U92/SN (FAx1_ASAP7_75t_R)         24.83     262.26 f
  DP_OP_101J1_122_2085/U91/CON (FAx1_ASAP7_75t_R)        40.08     302.35 r
  DP_OP_101J1_122_2085/U91/SN (FAx1_ASAP7_75t_R)         28.22     330.57 f
  U380/Y (MAJx2_ASAP7_75t_R)                             38.76     369.33 f
  U381/Y (MAJIxp5_ASAP7_75t_R)                           21.27     390.60 r
  U383/Y (MAJx2_ASAP7_75t_R)                             31.55     422.15 r
  U384/Y (MAJIxp5_ASAP7_75t_R)                           17.34     439.50 f
  U385/Y (AO21x1_ASAP7_75t_R)                            28.83     468.33 f
  U386/Y (MAJIxp5_ASAP7_75t_R)                           21.62     489.95 r
  U388/Y (AO21x1_ASAP7_75t_R)                            27.63     517.58 r
  U389/Y (AO21x1_ASAP7_75t_R)                            23.08     540.66 r
  DP_OP_101J1_122_2085/U33/CON (FAx1_ASAP7_75t_R)        21.09     561.76 f
  U329/Y (MAJIxp5_ASAP7_75t_R)                           30.27     592.03 r
  U331/Y (MAJIxp5_ASAP7_75t_R)                           25.17     617.19 f
  U332/Y (MAJIxp5_ASAP7_75t_R)                           28.70     645.90 r
  DP_OP_101J1_122_2085/U25/CON (FAx1_ASAP7_75t_R)        29.35     675.25 f
  U337/Y (MAJIxp5_ASAP7_75t_R)                           31.16     706.41 r
  U339/Y (MAJIxp5_ASAP7_75t_R)                           25.45     731.86 f
  U340/Y (MAJIxp5_ASAP7_75t_R)                           28.36     760.22 r
  U557/Y (XNOR2xp5_ASAP7_75t_R)                          23.64     783.86 r
  U558/Y (OAI22xp33_ASAP7_75t_R)                         14.85     798.70 f
  U559/Y (AOI21xp33_ASAP7_75t_R)                         24.37     823.07 r
  c_val_r_reg[24]/D (DFFHQNx1_ASAP7_75t_R)                0.00     823.07 r
  data arrival time                                                823.07

  clock clk (rise edge)                                1000.00    1000.00
  clock network delay (ideal)                             0.00    1000.00
  c_val_r_reg[24]/CLK (DFFHQNx1_ASAP7_75t_R)              0.00    1000.00 r
  library setup time                                    -19.35     980.65
  data required time                                               980.65
  --------------------------------------------------------------------------
  data required time                                               980.65
  data arrival time                                               -823.07
  --------------------------------------------------------------------------
  slack (MET)                                                      157.58


  Startpoint: a_data_r_reg[6]
              (rising edge-triggered flip-flop clocked by clk)
  Endpoint: c_val_r_reg[23]
            (rising edge-triggered flip-flop clocked by clk)
  Path Group: clk
  Path Type: max

  Point                                                   Incr       Path
  --------------------------------------------------------------------------
  clock clk (rise edge)                                   0.00       0.00
  clock network delay (ideal)                             0.00       0.00
  a_data_r_reg[6]/CLK (DFFHQNx1_ASAP7_75t_R)              0.00       0.00 r
  a_data_r_reg[6]/QN (DFFHQNx1_ASAP7_75t_R)              56.35      56.35 f
  U551/Y (INVxp33_ASAP7_75t_R)                           36.61      92.96 r
  U705/Y (NOR2xp33_ASAP7_75t_R)                          38.95     131.91 f
  DP_OP_101J1_122_2085/U93/CON (FAx1_ASAP7_75t_R)        41.97     173.88 r
  DP_OP_101J1_122_2085/U93/SN (FAx1_ASAP7_75t_R)         24.96     198.83 f
  DP_OP_101J1_122_2085/U92/CON (FAx1_ASAP7_75t_R)        38.60     237.43 r
  DP_OP_101J1_122_2085/U92/SN (FAx1_ASAP7_75t_R)         24.83     262.26 f
  DP_OP_101J1_122_2085/U91/CON (FAx1_ASAP7_75t_R)        40.08     302.35 r
  DP_OP_101J1_122_2085/U91/SN (FAx1_ASAP7_75t_R)         28.22     330.57 f
  U380/Y (MAJx2_ASAP7_75t_R)                             38.76     369.33 f
  U381/Y (MAJIxp5_ASAP7_75t_R)                           21.27     390.60 r
  U383/Y (MAJx2_ASAP7_75t_R)                             31.55     422.15 r
  U384/Y (MAJIxp5_ASAP7_75t_R)                           17.34     439.50 f
  U385/Y (AO21x1_ASAP7_75t_R)                            28.83     468.33 f
  U386/Y (MAJIxp5_ASAP7_75t_R)                           21.62     489.95 r
  U388/Y (AO21x1_ASAP7_75t_R)                            27.63     517.58 r
  U389/Y (AO21x1_ASAP7_75t_R)                            23.08     540.66 r
  DP_OP_101J1_122_2085/U33/CON (FAx1_ASAP7_75t_R)        21.09     561.76 f
  U329/Y (MAJIxp5_ASAP7_75t_R)                           30.27     592.03 r
  U331/Y (MAJIxp5_ASAP7_75t_R)                           25.17     617.19 f
  U332/Y (MAJIxp5_ASAP7_75t_R)                           28.70     645.90 r
  DP_OP_101J1_122_2085/U25/CON (FAx1_ASAP7_75t_R)        29.35     675.25 f
  U337/Y (MAJIxp5_ASAP7_75t_R)                           31.16     706.41 r
  U339/Y (MAJIxp5_ASAP7_75t_R)                           25.45     731.86 f
  U586/Y (XOR2xp5_ASAP7_75t_R)                           25.56     757.42 f
  U587/Y (AOI222xp33_ASAP7_75t_R)                        25.12     782.54 r
  c_val_r_reg[23]/D (DFFHQNx1_ASAP7_75t_R)                0.00     782.54 r
  data arrival time                                                782.54

  clock clk (rise edge)                                1000.00    1000.00
  clock network delay (ideal)                             0.00    1000.00
  c_val_r_reg[23]/CLK (DFFHQNx1_ASAP7_75t_R)              0.00    1000.00 r
  library setup time                                    -22.96     977.04
  data required time                                               977.04
  --------------------------------------------------------------------------
  data required time                                               977.04
  data arrival time                                               -782.54
  --------------------------------------------------------------------------
  slack (MET)                                                      194.49


  Startpoint: a_data_r_reg[6]
              (rising edge-triggered flip-flop clocked by clk)
  Endpoint: c_val_r_reg[22]
            (rising edge-triggered flip-flop clocked by clk)
  Path Group: clk
  Path Type: max

  Point                                                   Incr       Path
  --------------------------------------------------------------------------
  clock clk (rise edge)                                   0.00       0.00
  clock network delay (ideal)                             0.00       0.00
  a_data_r_reg[6]/CLK (DFFHQNx1_ASAP7_75t_R)              0.00       0.00 r
  a_data_r_reg[6]/QN (DFFHQNx1_ASAP7_75t_R)              56.35      56.35 f
  U551/Y (INVxp33_ASAP7_75t_R)                           36.61      92.96 r
  U705/Y (NOR2xp33_ASAP7_75t_R)                          38.95     131.91 f
  DP_OP_101J1_122_2085/U93/CON (FAx1_ASAP7_75t_R)        41.97     173.88 r
  DP_OP_101J1_122_2085/U93/SN (FAx1_ASAP7_75t_R)         24.96     198.83 f
  DP_OP_101J1_122_2085/U92/CON (FAx1_ASAP7_75t_R)        38.60     237.43 r
  DP_OP_101J1_122_2085/U92/SN (FAx1_ASAP7_75t_R)         24.83     262.26 f
  DP_OP_101J1_122_2085/U91/CON (FAx1_ASAP7_75t_R)        40.08     302.35 r
  DP_OP_101J1_122_2085/U91/SN (FAx1_ASAP7_75t_R)         28.22     330.57 f
  U380/Y (MAJx2_ASAP7_75t_R)                             38.76     369.33 f
  U381/Y (MAJIxp5_ASAP7_75t_R)                           21.27     390.60 r
  U383/Y (MAJx2_ASAP7_75t_R)                             31.55     422.15 r
  U384/Y (MAJIxp5_ASAP7_75t_R)                           17.34     439.50 f
  U385/Y (AO21x1_ASAP7_75t_R)                            28.83     468.33 f
  U386/Y (MAJIxp5_ASAP7_75t_R)                           21.62     489.95 r
  U388/Y (AO21x1_ASAP7_75t_R)                            27.63     517.58 r
  U389/Y (AO21x1_ASAP7_75t_R)                            23.08     540.66 r
  DP_OP_101J1_122_2085/U33/CON (FAx1_ASAP7_75t_R)        21.09     561.76 f
  U329/Y (MAJIxp5_ASAP7_75t_R)                           30.27     592.03 r
  U331/Y (MAJIxp5_ASAP7_75t_R)                           25.17     617.19 f
  U332/Y (MAJIxp5_ASAP7_75t_R)                           28.70     645.90 r
  DP_OP_101J1_122_2085/U25/CON (FAx1_ASAP7_75t_R)        29.35     675.25 f
  U337/Y (MAJIxp5_ASAP7_75t_R)                           31.16     706.41 r
  U547/Y (XOR2xp5_ASAP7_75t_R)                           27.47     733.88 r
  U548/Y (OAI22xp33_ASAP7_75t_R)                         14.07     747.95 f
  U549/Y (AOI21xp33_ASAP7_75t_R)                         24.37     772.32 r
  c_val_r_reg[22]/D (DFFHQNx1_ASAP7_75t_R)                0.00     772.32 r
  data arrival time                                                772.32

  clock clk (rise edge)                                1000.00    1000.00
  clock network delay (ideal)                             0.00    1000.00
  c_val_r_reg[22]/CLK (DFFHQNx1_ASAP7_75t_R)              0.00    1000.00 r
  library setup time                                    -19.35     980.65
  data required time                                               980.65
  --------------------------------------------------------------------------
  data required time                                               980.65
  data arrival time                                               -772.32
  --------------------------------------------------------------------------
  slack (MET)                                                      208.33


1
