 
****************************************
Report : area
Design : segfold_mem_ctrl
Version: O-2018.06-SP1
Date   : Wed Feb 18 12:13:27 2026
****************************************

Library(s) Used:

    asap7sc7p5t_AO_RVT_TT_ccs_211120 (File: /mnt/hardware/asap7sc7p5t_28/LIB/CCS/asap7sc7p5t_AO_RVT_TT_ccs_211120.db)
    asap7sc7p5t_OA_RVT_TT_ccs_211120 (File: /mnt/hardware/asap7sc7p5t_28/LIB/CCS/asap7sc7p5t_OA_RVT_TT_ccs_211120.db)
    asap7sc7p5t_SIMPLE_RVT_TT_ccs_211120 (File: /mnt/hardware/asap7sc7p5t_28/LIB/CCS/asap7sc7p5t_SIMPLE_RVT_TT_ccs_211120.db)
    asap7sc7p5t_INVBUF_RVT_SS_ccs_211120 (File: /mnt/hardware/asap7sc7p5t_28/LIB/CCS/asap7sc7p5t_INVBUF_RVT_SS_ccs_220122.db)
    asap7sc7p5t_SEQ_RVT_TT_ccs_220123 (File: /mnt/hardware/asap7sc7p5t_28/LIB/CCS/asap7sc7p5t_SEQ_RVT_TT_ccs_220123.db)

Number of ports:                        15211
Number of nets:                          1385
Number of cells:                         1364
Number of combinational cells:           1001
Number of sequential cells:               363
Number of macros/black boxes:               0
Number of buf/inv:                        171
Number of references:                      35

Combinational area:                 75.903481
Buf/Inv area:                        7.654500
Noncombinational area:             105.850796
Macro/Black Box area:                0.000000
Net Interconnect area:      undefined  (No wire load specified)

Total cell area:                   181.754277
Total area:                 undefined

Hierarchical area distribution
------------------------------

                                  Global cell area          Local cell area
                                  ------------------  --------------------------- 
Hierarchical cell                 Absolute   Percent  Combi-    Noncombi-  Black-
                                  Total      Total    national  national   boxes   Design
--------------------------------  ---------  -------  --------  ---------  ------  ---------
segfold_mem_ctrl                   181.7543    100.0   75.9035   105.8508  0.0000  segfold_mem_ctrl
--------------------------------  ---------  -------  --------  ---------  ------  ---------
Total                                                  75.9035   105.8508  0.0000

1
