 
****************************************
Report : qor
Design : segfold_mem_ctrl
Version: O-2018.06-SP1
Date   : Wed Feb 18 12:13:27 2026
****************************************


  Timing Path Group 'clk'
  -----------------------------------
  Levels of Logic:              26.00
  Critical Path Length:        881.02
  Critical Path Slack:          10.79
  Critical Path Clk Period:   1000.00
  Total Negative Slack:          0.00
  No. of Violating Paths:        0.00
  Worst Hold Violation:        -50.44
  Total Hold Violation:     -17694.20
  No. of Hold Violations:      362.00
  -----------------------------------


  Cell Count
  -----------------------------------
  Hierarchical Cell Count:          0
  Hierarchical Port Count:          0
  Leaf Cell Count:               1364
  Buf/Inv Cell Count:             171
  Buf Cell Count:                  12
  Inv Cell Count:                 159
  CT Buf/Inv Cell Count:            0
  Combinational Cell Count:      1001
  Sequential Cell Count:          363
  Macro Count:                      0
  -----------------------------------


  Area
  -----------------------------------
  Combinational Area:       75.903481
  Noncombinational Area:   105.850796
  Buf/Inv Area:              7.654500
  Total Buffer Area:             0.70
  Total Inverter Area:           6.95
  Macro/Black Box Area:      0.000000
  Net Area:                  0.000000
  -----------------------------------
  Cell Area:               181.754277
  Design Area:             181.754277


  Design Rules
  -----------------------------------
  Total Number of Nets:          1385
  Nets With Violations:             0
  Max Trans Violations:             0
  Max Cap Violations:               0
  -----------------------------------


  Hostname: lizhen

  Compile CPU Statistics
  -----------------------------------------
  Resource Sharing:                    9.36
  Logic Optimization:                  0.98
  Mapping Optimization:                2.04
  -----------------------------------------
  Overall Compile Time:               63.07
  Overall Compile Wall Clock Time:    64.29

  --------------------------------------------------------------------

  Design  WNS: 0.00  TNS: 0.00  Number of Violating Paths: 0


  Design (Hold)  WNS: 50.44  TNS: 17694.16  Number of Violating Paths: 362

  --------------------------------------------------------------------


1
