 
****************************************
Report : qor
Design : segfold_switch
Version: Y-2026.03
Date   : Wed Apr  1 15:06:24 2026
****************************************


  Timing Path Group 'clk'
  -----------------------------------
  Levels of Logic:               5.00
  Critical Path Length:        513.09
  Critical Path Slack:         363.23
  Critical Path Clk Period:   1000.00
  Total Negative Slack:          0.00
  No. of Violating Paths:        0.00
  Worst Hold Violation:          0.00
  Total Hold Violation:          0.00
  No. of Hold Violations:        0.00
  -----------------------------------


  Cell Count
  -----------------------------------
  Hierarchical Cell Count:          0
  Hierarchical Port Count:          0
  Leaf Cell Count:                297
  Buf/Inv Cell Count:              41
  Buf Cell Count:                   1
  Inv Cell Count:                  40
  CT Buf/Inv Cell Count:            0
  Combinational Cell Count:       220
  Sequential Cell Count:           77
  Macro Count:                      0
  -----------------------------------


  Area
  -----------------------------------
  Combinational Area:       20.382840
  Noncombinational Area:    22.453199
  Buf/Inv Area:              1.807920
  Total Buffer Area:             0.06
  Total Inverter Area:           1.75
  Macro/Black Box Area:      0.000000
  Net Area:                  0.000000
  -----------------------------------
  Cell Area:                42.836039
  Design Area:              42.836039


  Design Rules
  -----------------------------------
  Total Number of Nets:           433
  Nets With Violations:             0
  Max Trans Violations:             0
  Max Cap Violations:               0
  -----------------------------------


  Hostname: hexaconta

  Compile CPU Statistics
  -----------------------------------------
  Resource Sharing:                    0.21
  Logic Optimization:                  0.62
  Mapping Optimization:                2.34
  -----------------------------------------
  Overall Compile Time:              172.24
  Overall Compile Wall Clock Time:   160.87

  --------------------------------------------------------------------

  Design  WNS: 0.00  TNS: 0.00  Number of Violating Paths: 0


  Design (Hold)  WNS: 0.00  TNS: 0.00  Number of Violating Paths: 0

  --------------------------------------------------------------------


1
