 
****************************************
Report : area
Design : segfold_sync_fifo
Version: Y-2026.03
Date   : Wed Apr  1 15:10:15 2026
****************************************

Information: Updating design information... (UID-85)
Library(s) Used:

    asap7sc7p5t_OA_RVT_TT_ccs_211120 (File: /mnt/nas0/eda.libs/asap7/asap7sc7p5t_28/LIB/CCS/asap7sc7p5t_OA_RVT_TT_ccs_211120.db)
    asap7sc7p5t_AO_RVT_TT_ccs_211120 (File: /mnt/nas0/eda.libs/asap7/asap7sc7p5t_28/LIB/CCS/asap7sc7p5t_AO_RVT_TT_ccs_211120.db)
    asap7sc7p5t_SIMPLE_RVT_TT_ccs_211120 (File: /mnt/nas0/eda.libs/asap7/asap7sc7p5t_28/LIB/CCS/asap7sc7p5t_SIMPLE_RVT_TT_ccs_211120.db)
    asap7sc7p5t_INVBUF_RVT_TT_nldm (File: /mnt/nas0/eda.libs/asap7/asap7sc7p5t_28/LIB/NLDM/asap7sc7p5t_INVBUF_RVT_TT_nldm.db)
    asap7sc7p5t_SEQ_RVT_TT_ccs_220123 (File: /mnt/nas0/eda.libs/asap7/asap7sc7p5t_28/LIB/CCS/asap7sc7p5t_SEQ_RVT_TT_ccs_220123.db)

Number of ports:                          233
Number of nets:                          2780
Number of cells:                         2663
Number of combinational cells:           1757
Number of sequential cells:               906
Number of macros/black boxes:               0
Number of buf/inv:                        108
Number of references:                      30

Combinational area:                148.307762
Buf/Inv area:                        4.767660
Noncombinational area:             264.189590
Macro/Black Box area:                0.000000
Net Interconnect area:      undefined  (No wire load specified)

Total cell area:                   412.497352
Total area:                 undefined
1
