 
****************************************
Report : timing
        -path full
        -delay max
        -max_paths 10
Design : segfold_sync_fifo
Version: Y-2026.03
Date   : Wed Apr  1 15:10:15 2026
****************************************

Operating Conditions: PVT_0P7V_25C   Library: asap7sc7p5t_AO_RVT_TT_ccs_211120
Wire Load Model Mode: top

  Startpoint: rd_ptr_r_reg[3]
              (rising edge-triggered flip-flop clocked by clk)
  Endpoint: rd_ptr_r_reg[3]
            (rising edge-triggered flip-flop clocked by clk)
  Path Group: clk
  Path Type: max

  Point                                                   Incr       Path
  --------------------------------------------------------------------------
  clock clk (rise edge)                                   0.00       0.00
  clock network delay (ideal)                             0.00       0.00
  rd_ptr_r_reg[3]/CLK (DFFHQNx1_ASAP7_75t_R)              0.00       0.00 r
  rd_ptr_r_reg[3]/QN (DFFHQNx1_ASAP7_75t_R)              83.51      83.51 f
  U1772/Y (AOI22xp5_ASAP7_75t_R)                         24.50     108.02 r
  U1773/Y (OAI221xp5_ASAP7_75t_R)                        17.60     125.62 f
  U1774/Y (AOI221xp5_ASAP7_75t_R)                        23.11     148.73 r
  U1775/Y (OAI221xp5_ASAP7_75t_R)                        27.66     176.39 f
  U1768/Y (NOR2xp33_ASAP7_75t_R)                         62.70     239.09 r
  U1769/Y (HB1xp67_ASAP7_75t_R)                         148.05     387.14 r
  U2721/Y (INVx1_ASAP7_75t_R)                           163.78     550.92 f
  U3463/Y (AO21x1_ASAP7_75t_R)                           49.70     600.61 f
  U3464/Y (NAND2xp33_ASAP7_75t_R)                        22.77     623.38 r
  U3471/Y (NOR2xp33_ASAP7_75t_R)                         21.96     645.34 f
  U3472/Y (INVxp33_ASAP7_75t_R)                          24.84     670.19 r
  U3475/Y (NOR2xp33_ASAP7_75t_R)                         17.60     687.79 f
  U3477/Y (OAI211xp5_ASAP7_75t_R)                        22.15     709.94 r
  rd_ptr_r_reg[3]/D (DFFHQNx1_ASAP7_75t_R)                0.00     709.94 r
  data arrival time                                                709.94

  clock clk (rise edge)                                1000.00    1000.00
  clock network delay (ideal)                             0.00    1000.00
  rd_ptr_r_reg[3]/CLK (DFFHQNx1_ASAP7_75t_R)              0.00    1000.00 r
  library setup time                                    -15.93     984.07
  data required time                                               984.07
  --------------------------------------------------------------------------
  data required time                                               984.07
  data arrival time                                               -709.94
  --------------------------------------------------------------------------
  slack (MET)                                                      274.13


  Startpoint: rd_ptr_r_reg[3]
              (rising edge-triggered flip-flop clocked by clk)
  Endpoint: pe_data_o[8]
            (output port clocked by clk)
  Path Group: clk
  Path Type: max

  Point                                                   Incr       Path
  --------------------------------------------------------------------------
  clock clk (rise edge)                                   0.00       0.00
  clock network delay (ideal)                             0.00       0.00
  rd_ptr_r_reg[3]/CLK (DFFHQNx1_ASAP7_75t_R)              0.00       0.00 r
  rd_ptr_r_reg[3]/QN (DFFHQNx1_ASAP7_75t_R)              83.51      83.51 f
  U1772/Y (AOI22xp5_ASAP7_75t_R)                         24.50     108.02 r
  U1773/Y (OAI221xp5_ASAP7_75t_R)                        17.60     125.62 f
  U1774/Y (AOI221xp5_ASAP7_75t_R)                        23.11     148.73 r
  U1775/Y (OAI221xp5_ASAP7_75t_R)                        27.66     176.39 f
  U1768/Y (NOR2xp33_ASAP7_75t_R)                         62.70     239.09 r
  U1769/Y (HB1xp67_ASAP7_75t_R)                         148.05     387.14 r
  U2721/Y (INVx1_ASAP7_75t_R)                           163.78     550.92 f
  U2850/Y (AO32x1_ASAP7_75t_R)                           63.55     614.47 f
  pe_data_o[8] (out)                                      0.00     614.47 f
  data arrival time                                                614.47

  clock clk (rise edge)                                1000.00    1000.00
  clock network delay (ideal)                             0.00    1000.00
  output external delay                                -100.00     900.00
  data required time                                               900.00
  --------------------------------------------------------------------------
  data required time                                               900.00
  data arrival time                                               -614.47
  --------------------------------------------------------------------------
  slack (MET)                                                      285.53


  Startpoint: rd_ptr_r_reg[3]
              (rising edge-triggered flip-flop clocked by clk)
  Endpoint: pe_data_o[7]
            (output port clocked by clk)
  Path Group: clk
  Path Type: max

  Point                                                   Incr       Path
  --------------------------------------------------------------------------
  clock clk (rise edge)                                   0.00       0.00
  clock network delay (ideal)                             0.00       0.00
  rd_ptr_r_reg[3]/CLK (DFFHQNx1_ASAP7_75t_R)              0.00       0.00 r
  rd_ptr_r_reg[3]/QN (DFFHQNx1_ASAP7_75t_R)              83.51      83.51 f
  U1772/Y (AOI22xp5_ASAP7_75t_R)                         24.50     108.02 r
  U1773/Y (OAI221xp5_ASAP7_75t_R)                        17.60     125.62 f
  U1774/Y (AOI221xp5_ASAP7_75t_R)                        23.11     148.73 r
  U1775/Y (OAI221xp5_ASAP7_75t_R)                        27.66     176.39 f
  U1768/Y (NOR2xp33_ASAP7_75t_R)                         62.70     239.09 r
  U1769/Y (HB1xp67_ASAP7_75t_R)                         148.05     387.14 r
  U2721/Y (INVx1_ASAP7_75t_R)                           163.78     550.92 f
  U2837/Y (AO32x1_ASAP7_75t_R)                           63.55     614.47 f
  pe_data_o[7] (out)                                      0.00     614.47 f
  data arrival time                                                614.47

  clock clk (rise edge)                                1000.00    1000.00
  clock network delay (ideal)                             0.00    1000.00
  output external delay                                -100.00     900.00
  data required time                                               900.00
  --------------------------------------------------------------------------
  data required time                                               900.00
  data arrival time                                               -614.47
  --------------------------------------------------------------------------
  slack (MET)                                                      285.53


  Startpoint: rd_ptr_r_reg[3]
              (rising edge-triggered flip-flop clocked by clk)
  Endpoint: pe_data_o[6]
            (output port clocked by clk)
  Path Group: clk
  Path Type: max

  Point                                                   Incr       Path
  --------------------------------------------------------------------------
  clock clk (rise edge)                                   0.00       0.00
  clock network delay (ideal)                             0.00       0.00
  rd_ptr_r_reg[3]/CLK (DFFHQNx1_ASAP7_75t_R)              0.00       0.00 r
  rd_ptr_r_reg[3]/QN (DFFHQNx1_ASAP7_75t_R)              83.51      83.51 f
  U1772/Y (AOI22xp5_ASAP7_75t_R)                         24.50     108.02 r
  U1773/Y (OAI221xp5_ASAP7_75t_R)                        17.60     125.62 f
  U1774/Y (AOI221xp5_ASAP7_75t_R)                        23.11     148.73 r
  U1775/Y (OAI221xp5_ASAP7_75t_R)                        27.66     176.39 f
  U1768/Y (NOR2xp33_ASAP7_75t_R)                         62.70     239.09 r
  U1769/Y (HB1xp67_ASAP7_75t_R)                         148.05     387.14 r
  U2721/Y (INVx1_ASAP7_75t_R)                           163.78     550.92 f
  U2824/Y (AO32x1_ASAP7_75t_R)                           63.55     614.47 f
  pe_data_o[6] (out)                                      0.00     614.47 f
  data arrival time                                                614.47

  clock clk (rise edge)                                1000.00    1000.00
  clock network delay (ideal)                             0.00    1000.00
  output external delay                                -100.00     900.00
  data required time                                               900.00
  --------------------------------------------------------------------------
  data required time                                               900.00
  data arrival time                                               -614.47
  --------------------------------------------------------------------------
  slack (MET)                                                      285.53


  Startpoint: rd_ptr_r_reg[3]
              (rising edge-triggered flip-flop clocked by clk)
  Endpoint: pe_data_o[5]
            (output port clocked by clk)
  Path Group: clk
  Path Type: max

  Point                                                   Incr       Path
  --------------------------------------------------------------------------
  clock clk (rise edge)                                   0.00       0.00
  clock network delay (ideal)                             0.00       0.00
  rd_ptr_r_reg[3]/CLK (DFFHQNx1_ASAP7_75t_R)              0.00       0.00 r
  rd_ptr_r_reg[3]/QN (DFFHQNx1_ASAP7_75t_R)              83.51      83.51 f
  U1772/Y (AOI22xp5_ASAP7_75t_R)                         24.50     108.02 r
  U1773/Y (OAI221xp5_ASAP7_75t_R)                        17.60     125.62 f
  U1774/Y (AOI221xp5_ASAP7_75t_R)                        23.11     148.73 r
  U1775/Y (OAI221xp5_ASAP7_75t_R)                        27.66     176.39 f
  U1768/Y (NOR2xp33_ASAP7_75t_R)                         62.70     239.09 r
  U1769/Y (HB1xp67_ASAP7_75t_R)                         148.05     387.14 r
  U2721/Y (INVx1_ASAP7_75t_R)                           163.78     550.92 f
  U2811/Y (AO32x1_ASAP7_75t_R)                           63.55     614.47 f
  pe_data_o[5] (out)                                      0.00     614.47 f
  data arrival time                                                614.47

  clock clk (rise edge)                                1000.00    1000.00
  clock network delay (ideal)                             0.00    1000.00
  output external delay                                -100.00     900.00
  data required time                                               900.00
  --------------------------------------------------------------------------
  data required time                                               900.00
  data arrival time                                               -614.47
  --------------------------------------------------------------------------
  slack (MET)                                                      285.53


  Startpoint: rd_ptr_r_reg[3]
              (rising edge-triggered flip-flop clocked by clk)
  Endpoint: pe_data_o[4]
            (output port clocked by clk)
  Path Group: clk
  Path Type: max

  Point                                                   Incr       Path
  --------------------------------------------------------------------------
  clock clk (rise edge)                                   0.00       0.00
  clock network delay (ideal)                             0.00       0.00
  rd_ptr_r_reg[3]/CLK (DFFHQNx1_ASAP7_75t_R)              0.00       0.00 r
  rd_ptr_r_reg[3]/QN (DFFHQNx1_ASAP7_75t_R)              83.51      83.51 f
  U1772/Y (AOI22xp5_ASAP7_75t_R)                         24.50     108.02 r
  U1773/Y (OAI221xp5_ASAP7_75t_R)                        17.60     125.62 f
  U1774/Y (AOI221xp5_ASAP7_75t_R)                        23.11     148.73 r
  U1775/Y (OAI221xp5_ASAP7_75t_R)                        27.66     176.39 f
  U1768/Y (NOR2xp33_ASAP7_75t_R)                         62.70     239.09 r
  U1769/Y (HB1xp67_ASAP7_75t_R)                         148.05     387.14 r
  U2721/Y (INVx1_ASAP7_75t_R)                           163.78     550.92 f
  U2798/Y (AO32x1_ASAP7_75t_R)                           63.55     614.47 f
  pe_data_o[4] (out)                                      0.00     614.47 f
  data arrival time                                                614.47

  clock clk (rise edge)                                1000.00    1000.00
  clock network delay (ideal)                             0.00    1000.00
  output external delay                                -100.00     900.00
  data required time                                               900.00
  --------------------------------------------------------------------------
  data required time                                               900.00
  data arrival time                                               -614.47
  --------------------------------------------------------------------------
  slack (MET)                                                      285.53


  Startpoint: rd_ptr_r_reg[3]
              (rising edge-triggered flip-flop clocked by clk)
  Endpoint: pe_data_o[3]
            (output port clocked by clk)
  Path Group: clk
  Path Type: max

  Point                                                   Incr       Path
  --------------------------------------------------------------------------
  clock clk (rise edge)                                   0.00       0.00
  clock network delay (ideal)                             0.00       0.00
  rd_ptr_r_reg[3]/CLK (DFFHQNx1_ASAP7_75t_R)              0.00       0.00 r
  rd_ptr_r_reg[3]/QN (DFFHQNx1_ASAP7_75t_R)              83.51      83.51 f
  U1772/Y (AOI22xp5_ASAP7_75t_R)                         24.50     108.02 r
  U1773/Y (OAI221xp5_ASAP7_75t_R)                        17.60     125.62 f
  U1774/Y (AOI221xp5_ASAP7_75t_R)                        23.11     148.73 r
  U1775/Y (OAI221xp5_ASAP7_75t_R)                        27.66     176.39 f
  U1768/Y (NOR2xp33_ASAP7_75t_R)                         62.70     239.09 r
  U1769/Y (HB1xp67_ASAP7_75t_R)                         148.05     387.14 r
  U2721/Y (INVx1_ASAP7_75t_R)                           163.78     550.92 f
  U2785/Y (AO32x1_ASAP7_75t_R)                           63.55     614.47 f
  pe_data_o[3] (out)                                      0.00     614.47 f
  data arrival time                                                614.47

  clock clk (rise edge)                                1000.00    1000.00
  clock network delay (ideal)                             0.00    1000.00
  output external delay                                -100.00     900.00
  data required time                                               900.00
  --------------------------------------------------------------------------
  data required time                                               900.00
  data arrival time                                               -614.47
  --------------------------------------------------------------------------
  slack (MET)                                                      285.53


  Startpoint: rd_ptr_r_reg[3]
              (rising edge-triggered flip-flop clocked by clk)
  Endpoint: pe_data_o[2]
            (output port clocked by clk)
  Path Group: clk
  Path Type: max

  Point                                                   Incr       Path
  --------------------------------------------------------------------------
  clock clk (rise edge)                                   0.00       0.00
  clock network delay (ideal)                             0.00       0.00
  rd_ptr_r_reg[3]/CLK (DFFHQNx1_ASAP7_75t_R)              0.00       0.00 r
  rd_ptr_r_reg[3]/QN (DFFHQNx1_ASAP7_75t_R)              83.51      83.51 f
  U1772/Y (AOI22xp5_ASAP7_75t_R)                         24.50     108.02 r
  U1773/Y (OAI221xp5_ASAP7_75t_R)                        17.60     125.62 f
  U1774/Y (AOI221xp5_ASAP7_75t_R)                        23.11     148.73 r
  U1775/Y (OAI221xp5_ASAP7_75t_R)                        27.66     176.39 f
  U1768/Y (NOR2xp33_ASAP7_75t_R)                         62.70     239.09 r
  U1769/Y (HB1xp67_ASAP7_75t_R)                         148.05     387.14 r
  U2721/Y (INVx1_ASAP7_75t_R)                           163.78     550.92 f
  U2772/Y (AO32x1_ASAP7_75t_R)                           63.55     614.47 f
  pe_data_o[2] (out)                                      0.00     614.47 f
  data arrival time                                                614.47

  clock clk (rise edge)                                1000.00    1000.00
  clock network delay (ideal)                             0.00    1000.00
  output external delay                                -100.00     900.00
  data required time                                               900.00
  --------------------------------------------------------------------------
  data required time                                               900.00
  data arrival time                                               -614.47
  --------------------------------------------------------------------------
  slack (MET)                                                      285.53


  Startpoint: rd_ptr_r_reg[3]
              (rising edge-triggered flip-flop clocked by clk)
  Endpoint: pe_data_o[1]
            (output port clocked by clk)
  Path Group: clk
  Path Type: max

  Point                                                   Incr       Path
  --------------------------------------------------------------------------
  clock clk (rise edge)                                   0.00       0.00
  clock network delay (ideal)                             0.00       0.00
  rd_ptr_r_reg[3]/CLK (DFFHQNx1_ASAP7_75t_R)              0.00       0.00 r
  rd_ptr_r_reg[3]/QN (DFFHQNx1_ASAP7_75t_R)              83.51      83.51 f
  U1772/Y (AOI22xp5_ASAP7_75t_R)                         24.50     108.02 r
  U1773/Y (OAI221xp5_ASAP7_75t_R)                        17.60     125.62 f
  U1774/Y (AOI221xp5_ASAP7_75t_R)                        23.11     148.73 r
  U1775/Y (OAI221xp5_ASAP7_75t_R)                        27.66     176.39 f
  U1768/Y (NOR2xp33_ASAP7_75t_R)                         62.70     239.09 r
  U1769/Y (HB1xp67_ASAP7_75t_R)                         148.05     387.14 r
  U2721/Y (INVx1_ASAP7_75t_R)                           163.78     550.92 f
  U2759/Y (AO32x1_ASAP7_75t_R)                           63.55     614.47 f
  pe_data_o[1] (out)                                      0.00     614.47 f
  data arrival time                                                614.47

  clock clk (rise edge)                                1000.00    1000.00
  clock network delay (ideal)                             0.00    1000.00
  output external delay                                -100.00     900.00
  data required time                                               900.00
  --------------------------------------------------------------------------
  data required time                                               900.00
  data arrival time                                               -614.47
  --------------------------------------------------------------------------
  slack (MET)                                                      285.53


  Startpoint: rd_ptr_r_reg[3]
              (rising edge-triggered flip-flop clocked by clk)
  Endpoint: pe_data_o[0]
            (output port clocked by clk)
  Path Group: clk
  Path Type: max

  Point                                                   Incr       Path
  --------------------------------------------------------------------------
  clock clk (rise edge)                                   0.00       0.00
  clock network delay (ideal)                             0.00       0.00
  rd_ptr_r_reg[3]/CLK (DFFHQNx1_ASAP7_75t_R)              0.00       0.00 r
  rd_ptr_r_reg[3]/QN (DFFHQNx1_ASAP7_75t_R)              83.51      83.51 f
  U1772/Y (AOI22xp5_ASAP7_75t_R)                         24.50     108.02 r
  U1773/Y (OAI221xp5_ASAP7_75t_R)                        17.60     125.62 f
  U1774/Y (AOI221xp5_ASAP7_75t_R)                        23.11     148.73 r
  U1775/Y (OAI221xp5_ASAP7_75t_R)                        27.66     176.39 f
  U1768/Y (NOR2xp33_ASAP7_75t_R)                         62.70     239.09 r
  U1769/Y (HB1xp67_ASAP7_75t_R)                         148.05     387.14 r
  U2721/Y (INVx1_ASAP7_75t_R)                           163.78     550.92 f
  U2746/Y (AO32x1_ASAP7_75t_R)                           63.55     614.47 f
  pe_data_o[0] (out)                                      0.00     614.47 f
  data arrival time                                                614.47

  clock clk (rise edge)                                1000.00    1000.00
  clock network delay (ideal)                             0.00    1000.00
  output external delay                                -100.00     900.00
  data required time                                               900.00
  --------------------------------------------------------------------------
  data required time                                               900.00
  data arrival time                                               -614.47
  --------------------------------------------------------------------------
  slack (MET)                                                      285.53


1
