 
****************************************
Report : timing
        -path full
        -delay max
        -max_paths 10
Design : segfold_spad_bank
Version: Y-2026.03
Date   : Wed Apr  1 15:47:38 2026
****************************************

 # A fanout number of 1000 was used for high fanout net computations.

Operating Conditions: PVT_0P7V_25C   Library: asap7sc7p5t_AO_RVT_TT_ccs_211120
Wire Load Model Mode: top

  Startpoint: store_tag_i[13]
              (input port clocked by clk)
  Endpoint: data_r_reg[15][22]
            (rising edge-triggered flip-flop clocked by clk)
  Path Group: clk
  Path Type: max

  Point                                                   Incr       Path
  --------------------------------------------------------------------------
  clock clk (rise edge)                                   0.00       0.00
  clock network delay (ideal)                             0.00       0.00
  input external delay                                  100.00     100.00 f
  store_tag_i[13] (in)                                    0.00     100.00 f
  U4126/Y (XNOR2xp5_ASAP7_75t_R)                         17.42     117.42 f
  U4127/Y (NOR2xp67_ASAP7_75t_R)                         11.21     128.63 r
  U4035/Y (NAND4xp25_ASAP7_75t_R)                        24.04     152.67 f
  U4136/Y (NOR4xp75_ASAP7_75t_R)                         32.21     184.88 r
  U4157/Y (NOR2x1p5_ASAP7_75t_R)                         17.80     202.68 f
  U4182/Y (NAND4xp25_ASAP7_75t_R)                        17.50     220.17 r
  U4183/Y (NAND2xp5_ASAP7_75t_R)                         15.70     235.87 f
  U4184/Y (INVx1_ASAP7_75t_R)                            13.53     249.40 r
  U4207/Y (NAND4xp25_ASAP7_75t_R)                        14.79     264.19 f
  U4232/Y (NOR2xp33_ASAP7_75t_R)                         26.97     291.16 r
  U4259/Y (NOR2xp33_ASAP7_75t_R)                         20.86     312.02 f
  U4260/Y (NOR2xp33_ASAP7_75t_R)                         21.59     333.61 r
  U4283/Y (NAND2xp5_ASAP7_75t_R)                         15.44     349.06 f
  U4284/Y (NAND2xp5_ASAP7_75t_R)                         15.13     364.19 r
  U4285/Y (INVx1_ASAP7_75t_R)                            13.36     377.55 f
  U4307/Y (NAND4xp25_ASAP7_75t_R)                        11.27     388.82 r
  U4331/Y (NOR2xp33_ASAP7_75t_R)                         15.65     404.47 f
  U4357/Y (NOR2xp33_ASAP7_75t_R)                         18.07     422.54 r
  U4382/Y (NAND4xp25_ASAP7_75t_R)                        30.41     452.95 f
  U4036/Y (INVxp33_ASAP7_75t_R)                          19.94     472.88 r
  U4386/Y (NOR2xp33_ASAP7_75t_R)                         15.06     487.94 f
  U4387/Y (NAND2xp5_ASAP7_75t_R)                         14.50     502.44 r
  U4388/Y (INVxp67_ASAP7_75t_R)                          11.68     514.12 f
  U4411/Y (NAND4xp25_ASAP7_75t_R)                        10.75     524.87 r
  U4436/Y (NOR2xp33_ASAP7_75t_R)                         17.02     541.89 f
  U4437/Y (INVxp67_ASAP7_75t_R)                          14.65     556.54 r
  U4438/Y (NAND2xp5_ASAP7_75t_R)                         12.78     569.32 f
  U4465/Y (NOR3xp33_ASAP7_75t_R)                         18.88     588.21 r
  U4490/Y (INVxp33_ASAP7_75t_R)                          17.24     605.44 f
  U4491/Y (NOR2xp33_ASAP7_75t_R)                         18.08     623.53 r
  U4494/Y (NAND4xp25_ASAP7_75t_R)                        26.42     649.95 f
  U4495/Y (NOR2xp67_ASAP7_75t_R)                         19.69     669.63 r
  U4497/Y (NAND2xp5_ASAP7_75t_R)                         15.37     685.00 f
  U4498/Y (NOR2x1_ASAP7_75t_R)                           12.14     697.14 r
  U4501/Y (AOI31xp33_ASAP7_75t_R)                        16.33     713.47 f
  U5209/Y (NAND2xp33_ASAP7_75t_R)                        21.38     734.86 r
  U5296/Y (NOR2xp33_ASAP7_75t_R)                         29.25     764.11 f
  U5297/Y (NAND2xp33_ASAP7_75t_R)                        32.95     797.06 r
  U5500/Y (NOR2xp33_ASAP7_75t_R)                         28.16     825.22 f
  U5621/Y (HB1xp67_ASAP7_75t_R)                          65.42     890.64 f
  U8328/Y (HB1xp67_ASAP7_75t_R)                          65.49     956.13 f
  U8829/Y (OAI21xp33_ASAP7_75t_R)                        24.80     980.93 r
  data_r_reg[15][22]/D (DFFHQNx1_ASAP7_75t_R)             0.00     980.93 r
  data arrival time                                                980.93

  clock clk (rise edge)                                1000.00    1000.00
  clock network delay (ideal)                             0.00    1000.00
  data_r_reg[15][22]/CLK (DFFHQNx1_ASAP7_75t_R)           0.00    1000.00 r
  library setup time                                    -18.09     981.91
  data required time                                               981.91
  --------------------------------------------------------------------------
  data required time                                               981.91
  data arrival time                                               -980.93
  --------------------------------------------------------------------------
  slack (MET)                                                        0.98


  Startpoint: store_tag_i[13]
              (input port clocked by clk)
  Endpoint: data_r_reg[15][21]
            (rising edge-triggered flip-flop clocked by clk)
  Path Group: clk
  Path Type: max

  Point                                                   Incr       Path
  --------------------------------------------------------------------------
  clock clk (rise edge)                                   0.00       0.00
  clock network delay (ideal)                             0.00       0.00
  input external delay                                  100.00     100.00 f
  store_tag_i[13] (in)                                    0.00     100.00 f
  U4126/Y (XNOR2xp5_ASAP7_75t_R)                         17.42     117.42 f
  U4127/Y (NOR2xp67_ASAP7_75t_R)                         11.21     128.63 r
  U4035/Y (NAND4xp25_ASAP7_75t_R)                        24.04     152.67 f
  U4136/Y (NOR4xp75_ASAP7_75t_R)                         32.21     184.88 r
  U4157/Y (NOR2x1p5_ASAP7_75t_R)                         17.80     202.68 f
  U4182/Y (NAND4xp25_ASAP7_75t_R)                        17.50     220.17 r
  U4183/Y (NAND2xp5_ASAP7_75t_R)                         15.70     235.87 f
  U4184/Y (INVx1_ASAP7_75t_R)                            13.53     249.40 r
  U4207/Y (NAND4xp25_ASAP7_75t_R)                        14.79     264.19 f
  U4232/Y (NOR2xp33_ASAP7_75t_R)                         26.97     291.16 r
  U4259/Y (NOR2xp33_ASAP7_75t_R)                         20.86     312.02 f
  U4260/Y (NOR2xp33_ASAP7_75t_R)                         21.59     333.61 r
  U4283/Y (NAND2xp5_ASAP7_75t_R)                         15.44     349.06 f
  U4284/Y (NAND2xp5_ASAP7_75t_R)                         15.13     364.19 r
  U4285/Y (INVx1_ASAP7_75t_R)                            13.36     377.55 f
  U4307/Y (NAND4xp25_ASAP7_75t_R)                        11.27     388.82 r
  U4331/Y (NOR2xp33_ASAP7_75t_R)                         15.65     404.47 f
  U4357/Y (NOR2xp33_ASAP7_75t_R)                         18.07     422.54 r
  U4382/Y (NAND4xp25_ASAP7_75t_R)                        30.41     452.95 f
  U4036/Y (INVxp33_ASAP7_75t_R)                          19.94     472.88 r
  U4386/Y (NOR2xp33_ASAP7_75t_R)                         15.06     487.94 f
  U4387/Y (NAND2xp5_ASAP7_75t_R)                         14.50     502.44 r
  U4388/Y (INVxp67_ASAP7_75t_R)                          11.68     514.12 f
  U4411/Y (NAND4xp25_ASAP7_75t_R)                        10.75     524.87 r
  U4436/Y (NOR2xp33_ASAP7_75t_R)                         17.02     541.89 f
  U4437/Y (INVxp67_ASAP7_75t_R)                          14.65     556.54 r
  U4438/Y (NAND2xp5_ASAP7_75t_R)                         12.78     569.32 f
  U4465/Y (NOR3xp33_ASAP7_75t_R)                         18.88     588.21 r
  U4490/Y (INVxp33_ASAP7_75t_R)                          17.24     605.44 f
  U4491/Y (NOR2xp33_ASAP7_75t_R)                         18.08     623.53 r
  U4494/Y (NAND4xp25_ASAP7_75t_R)                        26.42     649.95 f
  U4495/Y (NOR2xp67_ASAP7_75t_R)                         19.69     669.63 r
  U4497/Y (NAND2xp5_ASAP7_75t_R)                         15.37     685.00 f
  U4498/Y (NOR2x1_ASAP7_75t_R)                           12.14     697.14 r
  U4501/Y (AOI31xp33_ASAP7_75t_R)                        16.33     713.47 f
  U5209/Y (NAND2xp33_ASAP7_75t_R)                        21.38     734.86 r
  U5296/Y (NOR2xp33_ASAP7_75t_R)                         29.25     764.11 f
  U5297/Y (NAND2xp33_ASAP7_75t_R)                        32.95     797.06 r
  U5500/Y (NOR2xp33_ASAP7_75t_R)                         28.16     825.22 f
  U5621/Y (HB1xp67_ASAP7_75t_R)                          65.42     890.64 f
  U8328/Y (HB1xp67_ASAP7_75t_R)                          65.49     956.13 f
  U8807/Y (OAI21xp33_ASAP7_75t_R)                        24.80     980.93 r
  data_r_reg[15][21]/D (DFFHQNx1_ASAP7_75t_R)             0.00     980.93 r
  data arrival time                                                980.93

  clock clk (rise edge)                                1000.00    1000.00
  clock network delay (ideal)                             0.00    1000.00
  data_r_reg[15][21]/CLK (DFFHQNx1_ASAP7_75t_R)           0.00    1000.00 r
  library setup time                                    -18.09     981.91
  data required time                                               981.91
  --------------------------------------------------------------------------
  data required time                                               981.91
  data arrival time                                               -980.93
  --------------------------------------------------------------------------
  slack (MET)                                                        0.98


  Startpoint: store_tag_i[13]
              (input port clocked by clk)
  Endpoint: data_r_reg[15][20]
            (rising edge-triggered flip-flop clocked by clk)
  Path Group: clk
  Path Type: max

  Point                                                   Incr       Path
  --------------------------------------------------------------------------
  clock clk (rise edge)                                   0.00       0.00
  clock network delay (ideal)                             0.00       0.00
  input external delay                                  100.00     100.00 f
  store_tag_i[13] (in)                                    0.00     100.00 f
  U4126/Y (XNOR2xp5_ASAP7_75t_R)                         17.42     117.42 f
  U4127/Y (NOR2xp67_ASAP7_75t_R)                         11.21     128.63 r
  U4035/Y (NAND4xp25_ASAP7_75t_R)                        24.04     152.67 f
  U4136/Y (NOR4xp75_ASAP7_75t_R)                         32.21     184.88 r
  U4157/Y (NOR2x1p5_ASAP7_75t_R)                         17.80     202.68 f
  U4182/Y (NAND4xp25_ASAP7_75t_R)                        17.50     220.17 r
  U4183/Y (NAND2xp5_ASAP7_75t_R)                         15.70     235.87 f
  U4184/Y (INVx1_ASAP7_75t_R)                            13.53     249.40 r
  U4207/Y (NAND4xp25_ASAP7_75t_R)                        14.79     264.19 f
  U4232/Y (NOR2xp33_ASAP7_75t_R)                         26.97     291.16 r
  U4259/Y (NOR2xp33_ASAP7_75t_R)                         20.86     312.02 f
  U4260/Y (NOR2xp33_ASAP7_75t_R)                         21.59     333.61 r
  U4283/Y (NAND2xp5_ASAP7_75t_R)                         15.44     349.06 f
  U4284/Y (NAND2xp5_ASAP7_75t_R)                         15.13     364.19 r
  U4285/Y (INVx1_ASAP7_75t_R)                            13.36     377.55 f
  U4307/Y (NAND4xp25_ASAP7_75t_R)                        11.27     388.82 r
  U4331/Y (NOR2xp33_ASAP7_75t_R)                         15.65     404.47 f
  U4357/Y (NOR2xp33_ASAP7_75t_R)                         18.07     422.54 r
  U4382/Y (NAND4xp25_ASAP7_75t_R)                        30.41     452.95 f
  U4036/Y (INVxp33_ASAP7_75t_R)                          19.94     472.88 r
  U4386/Y (NOR2xp33_ASAP7_75t_R)                         15.06     487.94 f
  U4387/Y (NAND2xp5_ASAP7_75t_R)                         14.50     502.44 r
  U4388/Y (INVxp67_ASAP7_75t_R)                          11.68     514.12 f
  U4411/Y (NAND4xp25_ASAP7_75t_R)                        10.75     524.87 r
  U4436/Y (NOR2xp33_ASAP7_75t_R)                         17.02     541.89 f
  U4437/Y (INVxp67_ASAP7_75t_R)                          14.65     556.54 r
  U4438/Y (NAND2xp5_ASAP7_75t_R)                         12.78     569.32 f
  U4465/Y (NOR3xp33_ASAP7_75t_R)                         18.88     588.21 r
  U4490/Y (INVxp33_ASAP7_75t_R)                          17.24     605.44 f
  U4491/Y (NOR2xp33_ASAP7_75t_R)                         18.08     623.53 r
  U4494/Y (NAND4xp25_ASAP7_75t_R)                        26.42     649.95 f
  U4495/Y (NOR2xp67_ASAP7_75t_R)                         19.69     669.63 r
  U4497/Y (NAND2xp5_ASAP7_75t_R)                         15.37     685.00 f
  U4498/Y (NOR2x1_ASAP7_75t_R)                           12.14     697.14 r
  U4501/Y (AOI31xp33_ASAP7_75t_R)                        16.33     713.47 f
  U5209/Y (NAND2xp33_ASAP7_75t_R)                        21.38     734.86 r
  U5296/Y (NOR2xp33_ASAP7_75t_R)                         29.25     764.11 f
  U5297/Y (NAND2xp33_ASAP7_75t_R)                        32.95     797.06 r
  U5500/Y (NOR2xp33_ASAP7_75t_R)                         28.16     825.22 f
  U5621/Y (HB1xp67_ASAP7_75t_R)                          65.42     890.64 f
  U8328/Y (HB1xp67_ASAP7_75t_R)                          65.49     956.13 f
  U8769/Y (OAI21xp33_ASAP7_75t_R)                        24.80     980.93 r
  data_r_reg[15][20]/D (DFFHQNx1_ASAP7_75t_R)             0.00     980.93 r
  data arrival time                                                980.93

  clock clk (rise edge)                                1000.00    1000.00
  clock network delay (ideal)                             0.00    1000.00
  data_r_reg[15][20]/CLK (DFFHQNx1_ASAP7_75t_R)           0.00    1000.00 r
  library setup time                                    -18.09     981.91
  data required time                                               981.91
  --------------------------------------------------------------------------
  data required time                                               981.91
  data arrival time                                               -980.93
  --------------------------------------------------------------------------
  slack (MET)                                                        0.98


  Startpoint: store_tag_i[13]
              (input port clocked by clk)
  Endpoint: data_r_reg[15][19]
            (rising edge-triggered flip-flop clocked by clk)
  Path Group: clk
  Path Type: max

  Point                                                   Incr       Path
  --------------------------------------------------------------------------
  clock clk (rise edge)                                   0.00       0.00
  clock network delay (ideal)                             0.00       0.00
  input external delay                                  100.00     100.00 f
  store_tag_i[13] (in)                                    0.00     100.00 f
  U4126/Y (XNOR2xp5_ASAP7_75t_R)                         17.42     117.42 f
  U4127/Y (NOR2xp67_ASAP7_75t_R)                         11.21     128.63 r
  U4035/Y (NAND4xp25_ASAP7_75t_R)                        24.04     152.67 f
  U4136/Y (NOR4xp75_ASAP7_75t_R)                         32.21     184.88 r
  U4157/Y (NOR2x1p5_ASAP7_75t_R)                         17.80     202.68 f
  U4182/Y (NAND4xp25_ASAP7_75t_R)                        17.50     220.17 r
  U4183/Y (NAND2xp5_ASAP7_75t_R)                         15.70     235.87 f
  U4184/Y (INVx1_ASAP7_75t_R)                            13.53     249.40 r
  U4207/Y (NAND4xp25_ASAP7_75t_R)                        14.79     264.19 f
  U4232/Y (NOR2xp33_ASAP7_75t_R)                         26.97     291.16 r
  U4259/Y (NOR2xp33_ASAP7_75t_R)                         20.86     312.02 f
  U4260/Y (NOR2xp33_ASAP7_75t_R)                         21.59     333.61 r
  U4283/Y (NAND2xp5_ASAP7_75t_R)                         15.44     349.06 f
  U4284/Y (NAND2xp5_ASAP7_75t_R)                         15.13     364.19 r
  U4285/Y (INVx1_ASAP7_75t_R)                            13.36     377.55 f
  U4307/Y (NAND4xp25_ASAP7_75t_R)                        11.27     388.82 r
  U4331/Y (NOR2xp33_ASAP7_75t_R)                         15.65     404.47 f
  U4357/Y (NOR2xp33_ASAP7_75t_R)                         18.07     422.54 r
  U4382/Y (NAND4xp25_ASAP7_75t_R)                        30.41     452.95 f
  U4036/Y (INVxp33_ASAP7_75t_R)                          19.94     472.88 r
  U4386/Y (NOR2xp33_ASAP7_75t_R)                         15.06     487.94 f
  U4387/Y (NAND2xp5_ASAP7_75t_R)                         14.50     502.44 r
  U4388/Y (INVxp67_ASAP7_75t_R)                          11.68     514.12 f
  U4411/Y (NAND4xp25_ASAP7_75t_R)                        10.75     524.87 r
  U4436/Y (NOR2xp33_ASAP7_75t_R)                         17.02     541.89 f
  U4437/Y (INVxp67_ASAP7_75t_R)                          14.65     556.54 r
  U4438/Y (NAND2xp5_ASAP7_75t_R)                         12.78     569.32 f
  U4465/Y (NOR3xp33_ASAP7_75t_R)                         18.88     588.21 r
  U4490/Y (INVxp33_ASAP7_75t_R)                          17.24     605.44 f
  U4491/Y (NOR2xp33_ASAP7_75t_R)                         18.08     623.53 r
  U4494/Y (NAND4xp25_ASAP7_75t_R)                        26.42     649.95 f
  U4495/Y (NOR2xp67_ASAP7_75t_R)                         19.69     669.63 r
  U4497/Y (NAND2xp5_ASAP7_75t_R)                         15.37     685.00 f
  U4498/Y (NOR2x1_ASAP7_75t_R)                           12.14     697.14 r
  U4501/Y (AOI31xp33_ASAP7_75t_R)                        16.33     713.47 f
  U5209/Y (NAND2xp33_ASAP7_75t_R)                        21.38     734.86 r
  U5296/Y (NOR2xp33_ASAP7_75t_R)                         29.25     764.11 f
  U5297/Y (NAND2xp33_ASAP7_75t_R)                        32.95     797.06 r
  U5500/Y (NOR2xp33_ASAP7_75t_R)                         28.16     825.22 f
  U5621/Y (HB1xp67_ASAP7_75t_R)                          65.42     890.64 f
  U8328/Y (HB1xp67_ASAP7_75t_R)                          65.49     956.13 f
  U8731/Y (OAI21xp33_ASAP7_75t_R)                        24.80     980.93 r
  data_r_reg[15][19]/D (DFFHQNx1_ASAP7_75t_R)             0.00     980.93 r
  data arrival time                                                980.93

  clock clk (rise edge)                                1000.00    1000.00
  clock network delay (ideal)                             0.00    1000.00
  data_r_reg[15][19]/CLK (DFFHQNx1_ASAP7_75t_R)           0.00    1000.00 r
  library setup time                                    -18.09     981.91
  data required time                                               981.91
  --------------------------------------------------------------------------
  data required time                                               981.91
  data arrival time                                               -980.93
  --------------------------------------------------------------------------
  slack (MET)                                                        0.98


  Startpoint: store_tag_i[13]
              (input port clocked by clk)
  Endpoint: data_r_reg[15][17]
            (rising edge-triggered flip-flop clocked by clk)
  Path Group: clk
  Path Type: max

  Point                                                   Incr       Path
  --------------------------------------------------------------------------
  clock clk (rise edge)                                   0.00       0.00
  clock network delay (ideal)                             0.00       0.00
  input external delay                                  100.00     100.00 f
  store_tag_i[13] (in)                                    0.00     100.00 f
  U4126/Y (XNOR2xp5_ASAP7_75t_R)                         17.42     117.42 f
  U4127/Y (NOR2xp67_ASAP7_75t_R)                         11.21     128.63 r
  U4035/Y (NAND4xp25_ASAP7_75t_R)                        24.04     152.67 f
  U4136/Y (NOR4xp75_ASAP7_75t_R)                         32.21     184.88 r
  U4157/Y (NOR2x1p5_ASAP7_75t_R)                         17.80     202.68 f
  U4182/Y (NAND4xp25_ASAP7_75t_R)                        17.50     220.17 r
  U4183/Y (NAND2xp5_ASAP7_75t_R)                         15.70     235.87 f
  U4184/Y (INVx1_ASAP7_75t_R)                            13.53     249.40 r
  U4207/Y (NAND4xp25_ASAP7_75t_R)                        14.79     264.19 f
  U4232/Y (NOR2xp33_ASAP7_75t_R)                         26.97     291.16 r
  U4259/Y (NOR2xp33_ASAP7_75t_R)                         20.86     312.02 f
  U4260/Y (NOR2xp33_ASAP7_75t_R)                         21.59     333.61 r
  U4283/Y (NAND2xp5_ASAP7_75t_R)                         15.44     349.06 f
  U4284/Y (NAND2xp5_ASAP7_75t_R)                         15.13     364.19 r
  U4285/Y (INVx1_ASAP7_75t_R)                            13.36     377.55 f
  U4307/Y (NAND4xp25_ASAP7_75t_R)                        11.27     388.82 r
  U4331/Y (NOR2xp33_ASAP7_75t_R)                         15.65     404.47 f
  U4357/Y (NOR2xp33_ASAP7_75t_R)                         18.07     422.54 r
  U4382/Y (NAND4xp25_ASAP7_75t_R)                        30.41     452.95 f
  U4036/Y (INVxp33_ASAP7_75t_R)                          19.94     472.88 r
  U4386/Y (NOR2xp33_ASAP7_75t_R)                         15.06     487.94 f
  U4387/Y (NAND2xp5_ASAP7_75t_R)                         14.50     502.44 r
  U4388/Y (INVxp67_ASAP7_75t_R)                          11.68     514.12 f
  U4411/Y (NAND4xp25_ASAP7_75t_R)                        10.75     524.87 r
  U4436/Y (NOR2xp33_ASAP7_75t_R)                         17.02     541.89 f
  U4437/Y (INVxp67_ASAP7_75t_R)                          14.65     556.54 r
  U4438/Y (NAND2xp5_ASAP7_75t_R)                         12.78     569.32 f
  U4465/Y (NOR3xp33_ASAP7_75t_R)                         18.88     588.21 r
  U4490/Y (INVxp33_ASAP7_75t_R)                          17.24     605.44 f
  U4491/Y (NOR2xp33_ASAP7_75t_R)                         18.08     623.53 r
  U4494/Y (NAND4xp25_ASAP7_75t_R)                        26.42     649.95 f
  U4495/Y (NOR2xp67_ASAP7_75t_R)                         19.69     669.63 r
  U4497/Y (NAND2xp5_ASAP7_75t_R)                         15.37     685.00 f
  U4498/Y (NOR2x1_ASAP7_75t_R)                           12.14     697.14 r
  U4501/Y (AOI31xp33_ASAP7_75t_R)                        16.33     713.47 f
  U5209/Y (NAND2xp33_ASAP7_75t_R)                        21.38     734.86 r
  U5296/Y (NOR2xp33_ASAP7_75t_R)                         29.25     764.11 f
  U5297/Y (NAND2xp33_ASAP7_75t_R)                        32.95     797.06 r
  U5500/Y (NOR2xp33_ASAP7_75t_R)                         28.16     825.22 f
  U5621/Y (HB1xp67_ASAP7_75t_R)                          65.42     890.64 f
  U8328/Y (HB1xp67_ASAP7_75t_R)                          65.49     956.13 f
  U8665/Y (OAI21xp33_ASAP7_75t_R)                        24.80     980.93 r
  data_r_reg[15][17]/D (DFFHQNx1_ASAP7_75t_R)             0.00     980.93 r
  data arrival time                                                980.93

  clock clk (rise edge)                                1000.00    1000.00
  clock network delay (ideal)                             0.00    1000.00
  data_r_reg[15][17]/CLK (DFFHQNx1_ASAP7_75t_R)           0.00    1000.00 r
  library setup time                                    -18.09     981.91
  data required time                                               981.91
  --------------------------------------------------------------------------
  data required time                                               981.91
  data arrival time                                               -980.93
  --------------------------------------------------------------------------
  slack (MET)                                                        0.98


  Startpoint: store_tag_i[13]
              (input port clocked by clk)
  Endpoint: data_r_reg[15][15]
            (rising edge-triggered flip-flop clocked by clk)
  Path Group: clk
  Path Type: max

  Point                                                   Incr       Path
  --------------------------------------------------------------------------
  clock clk (rise edge)                                   0.00       0.00
  clock network delay (ideal)                             0.00       0.00
  input external delay                                  100.00     100.00 f
  store_tag_i[13] (in)                                    0.00     100.00 f
  U4126/Y (XNOR2xp5_ASAP7_75t_R)                         17.42     117.42 f
  U4127/Y (NOR2xp67_ASAP7_75t_R)                         11.21     128.63 r
  U4035/Y (NAND4xp25_ASAP7_75t_R)                        24.04     152.67 f
  U4136/Y (NOR4xp75_ASAP7_75t_R)                         32.21     184.88 r
  U4157/Y (NOR2x1p5_ASAP7_75t_R)                         17.80     202.68 f
  U4182/Y (NAND4xp25_ASAP7_75t_R)                        17.50     220.17 r
  U4183/Y (NAND2xp5_ASAP7_75t_R)                         15.70     235.87 f
  U4184/Y (INVx1_ASAP7_75t_R)                            13.53     249.40 r
  U4207/Y (NAND4xp25_ASAP7_75t_R)                        14.79     264.19 f
  U4232/Y (NOR2xp33_ASAP7_75t_R)                         26.97     291.16 r
  U4259/Y (NOR2xp33_ASAP7_75t_R)                         20.86     312.02 f
  U4260/Y (NOR2xp33_ASAP7_75t_R)                         21.59     333.61 r
  U4283/Y (NAND2xp5_ASAP7_75t_R)                         15.44     349.06 f
  U4284/Y (NAND2xp5_ASAP7_75t_R)                         15.13     364.19 r
  U4285/Y (INVx1_ASAP7_75t_R)                            13.36     377.55 f
  U4307/Y (NAND4xp25_ASAP7_75t_R)                        11.27     388.82 r
  U4331/Y (NOR2xp33_ASAP7_75t_R)                         15.65     404.47 f
  U4357/Y (NOR2xp33_ASAP7_75t_R)                         18.07     422.54 r
  U4382/Y (NAND4xp25_ASAP7_75t_R)                        30.41     452.95 f
  U4036/Y (INVxp33_ASAP7_75t_R)                          19.94     472.88 r
  U4386/Y (NOR2xp33_ASAP7_75t_R)                         15.06     487.94 f
  U4387/Y (NAND2xp5_ASAP7_75t_R)                         14.50     502.44 r
  U4388/Y (INVxp67_ASAP7_75t_R)                          11.68     514.12 f
  U4411/Y (NAND4xp25_ASAP7_75t_R)                        10.75     524.87 r
  U4436/Y (NOR2xp33_ASAP7_75t_R)                         17.02     541.89 f
  U4437/Y (INVxp67_ASAP7_75t_R)                          14.65     556.54 r
  U4438/Y (NAND2xp5_ASAP7_75t_R)                         12.78     569.32 f
  U4465/Y (NOR3xp33_ASAP7_75t_R)                         18.88     588.21 r
  U4490/Y (INVxp33_ASAP7_75t_R)                          17.24     605.44 f
  U4491/Y (NOR2xp33_ASAP7_75t_R)                         18.08     623.53 r
  U4494/Y (NAND4xp25_ASAP7_75t_R)                        26.42     649.95 f
  U4495/Y (NOR2xp67_ASAP7_75t_R)                         19.69     669.63 r
  U4497/Y (NAND2xp5_ASAP7_75t_R)                         15.37     685.00 f
  U4498/Y (NOR2x1_ASAP7_75t_R)                           12.14     697.14 r
  U4501/Y (AOI31xp33_ASAP7_75t_R)                        16.33     713.47 f
  U5209/Y (NAND2xp33_ASAP7_75t_R)                        21.38     734.86 r
  U5296/Y (NOR2xp33_ASAP7_75t_R)                         29.25     764.11 f
  U5297/Y (NAND2xp33_ASAP7_75t_R)                        32.95     797.06 r
  U5500/Y (NOR2xp33_ASAP7_75t_R)                         28.16     825.22 f
  U5621/Y (HB1xp67_ASAP7_75t_R)                          65.42     890.64 f
  U8328/Y (HB1xp67_ASAP7_75t_R)                          65.49     956.13 f
  U6779/Y (OAI21xp33_ASAP7_75t_R)                        24.80     980.93 r
  data_r_reg[15][15]/D (DFFHQNx1_ASAP7_75t_R)             0.00     980.93 r
  data arrival time                                                980.93

  clock clk (rise edge)                                1000.00    1000.00
  clock network delay (ideal)                             0.00    1000.00
  data_r_reg[15][15]/CLK (DFFHQNx1_ASAP7_75t_R)           0.00    1000.00 r
  library setup time                                    -18.09     981.91
  data required time                                               981.91
  --------------------------------------------------------------------------
  data required time                                               981.91
  data arrival time                                               -980.93
  --------------------------------------------------------------------------
  slack (MET)                                                        0.98


  Startpoint: store_tag_i[13]
              (input port clocked by clk)
  Endpoint: data_r_reg[15][14]
            (rising edge-triggered flip-flop clocked by clk)
  Path Group: clk
  Path Type: max

  Point                                                   Incr       Path
  --------------------------------------------------------------------------
  clock clk (rise edge)                                   0.00       0.00
  clock network delay (ideal)                             0.00       0.00
  input external delay                                  100.00     100.00 f
  store_tag_i[13] (in)                                    0.00     100.00 f
  U4126/Y (XNOR2xp5_ASAP7_75t_R)                         17.42     117.42 f
  U4127/Y (NOR2xp67_ASAP7_75t_R)                         11.21     128.63 r
  U4035/Y (NAND4xp25_ASAP7_75t_R)                        24.04     152.67 f
  U4136/Y (NOR4xp75_ASAP7_75t_R)                         32.21     184.88 r
  U4157/Y (NOR2x1p5_ASAP7_75t_R)                         17.80     202.68 f
  U4182/Y (NAND4xp25_ASAP7_75t_R)                        17.50     220.17 r
  U4183/Y (NAND2xp5_ASAP7_75t_R)                         15.70     235.87 f
  U4184/Y (INVx1_ASAP7_75t_R)                            13.53     249.40 r
  U4207/Y (NAND4xp25_ASAP7_75t_R)                        14.79     264.19 f
  U4232/Y (NOR2xp33_ASAP7_75t_R)                         26.97     291.16 r
  U4259/Y (NOR2xp33_ASAP7_75t_R)                         20.86     312.02 f
  U4260/Y (NOR2xp33_ASAP7_75t_R)                         21.59     333.61 r
  U4283/Y (NAND2xp5_ASAP7_75t_R)                         15.44     349.06 f
  U4284/Y (NAND2xp5_ASAP7_75t_R)                         15.13     364.19 r
  U4285/Y (INVx1_ASAP7_75t_R)                            13.36     377.55 f
  U4307/Y (NAND4xp25_ASAP7_75t_R)                        11.27     388.82 r
  U4331/Y (NOR2xp33_ASAP7_75t_R)                         15.65     404.47 f
  U4357/Y (NOR2xp33_ASAP7_75t_R)                         18.07     422.54 r
  U4382/Y (NAND4xp25_ASAP7_75t_R)                        30.41     452.95 f
  U4036/Y (INVxp33_ASAP7_75t_R)                          19.94     472.88 r
  U4386/Y (NOR2xp33_ASAP7_75t_R)                         15.06     487.94 f
  U4387/Y (NAND2xp5_ASAP7_75t_R)                         14.50     502.44 r
  U4388/Y (INVxp67_ASAP7_75t_R)                          11.68     514.12 f
  U4411/Y (NAND4xp25_ASAP7_75t_R)                        10.75     524.87 r
  U4436/Y (NOR2xp33_ASAP7_75t_R)                         17.02     541.89 f
  U4437/Y (INVxp67_ASAP7_75t_R)                          14.65     556.54 r
  U4438/Y (NAND2xp5_ASAP7_75t_R)                         12.78     569.32 f
  U4465/Y (NOR3xp33_ASAP7_75t_R)                         18.88     588.21 r
  U4490/Y (INVxp33_ASAP7_75t_R)                          17.24     605.44 f
  U4491/Y (NOR2xp33_ASAP7_75t_R)                         18.08     623.53 r
  U4494/Y (NAND4xp25_ASAP7_75t_R)                        26.42     649.95 f
  U4495/Y (NOR2xp67_ASAP7_75t_R)                         19.69     669.63 r
  U4497/Y (NAND2xp5_ASAP7_75t_R)                         15.37     685.00 f
  U4498/Y (NOR2x1_ASAP7_75t_R)                           12.14     697.14 r
  U4501/Y (AOI31xp33_ASAP7_75t_R)                        16.33     713.47 f
  U5209/Y (NAND2xp33_ASAP7_75t_R)                        21.38     734.86 r
  U5296/Y (NOR2xp33_ASAP7_75t_R)                         29.25     764.11 f
  U5297/Y (NAND2xp33_ASAP7_75t_R)                        32.95     797.06 r
  U5500/Y (NOR2xp33_ASAP7_75t_R)                         28.16     825.22 f
  U5621/Y (HB1xp67_ASAP7_75t_R)                          65.42     890.64 f
  U8446/Y (HB1xp67_ASAP7_75t_R)                          65.49     956.13 f
  U6781/Y (OAI21xp33_ASAP7_75t_R)                        24.80     980.93 r
  data_r_reg[15][14]/D (DFFHQNx1_ASAP7_75t_R)             0.00     980.93 r
  data arrival time                                                980.93

  clock clk (rise edge)                                1000.00    1000.00
  clock network delay (ideal)                             0.00    1000.00
  data_r_reg[15][14]/CLK (DFFHQNx1_ASAP7_75t_R)           0.00    1000.00 r
  library setup time                                    -18.09     981.91
  data required time                                               981.91
  --------------------------------------------------------------------------
  data required time                                               981.91
  data arrival time                                               -980.93
  --------------------------------------------------------------------------
  slack (MET)                                                        0.98


  Startpoint: store_tag_i[13]
              (input port clocked by clk)
  Endpoint: data_r_reg[15][8]
            (rising edge-triggered flip-flop clocked by clk)
  Path Group: clk
  Path Type: max

  Point                                                   Incr       Path
  --------------------------------------------------------------------------
  clock clk (rise edge)                                   0.00       0.00
  clock network delay (ideal)                             0.00       0.00
  input external delay                                  100.00     100.00 f
  store_tag_i[13] (in)                                    0.00     100.00 f
  U4126/Y (XNOR2xp5_ASAP7_75t_R)                         17.42     117.42 f
  U4127/Y (NOR2xp67_ASAP7_75t_R)                         11.21     128.63 r
  U4035/Y (NAND4xp25_ASAP7_75t_R)                        24.04     152.67 f
  U4136/Y (NOR4xp75_ASAP7_75t_R)                         32.21     184.88 r
  U4157/Y (NOR2x1p5_ASAP7_75t_R)                         17.80     202.68 f
  U4182/Y (NAND4xp25_ASAP7_75t_R)                        17.50     220.17 r
  U4183/Y (NAND2xp5_ASAP7_75t_R)                         15.70     235.87 f
  U4184/Y (INVx1_ASAP7_75t_R)                            13.53     249.40 r
  U4207/Y (NAND4xp25_ASAP7_75t_R)                        14.79     264.19 f
  U4232/Y (NOR2xp33_ASAP7_75t_R)                         26.97     291.16 r
  U4259/Y (NOR2xp33_ASAP7_75t_R)                         20.86     312.02 f
  U4260/Y (NOR2xp33_ASAP7_75t_R)                         21.59     333.61 r
  U4283/Y (NAND2xp5_ASAP7_75t_R)                         15.44     349.06 f
  U4284/Y (NAND2xp5_ASAP7_75t_R)                         15.13     364.19 r
  U4285/Y (INVx1_ASAP7_75t_R)                            13.36     377.55 f
  U4307/Y (NAND4xp25_ASAP7_75t_R)                        11.27     388.82 r
  U4331/Y (NOR2xp33_ASAP7_75t_R)                         15.65     404.47 f
  U4357/Y (NOR2xp33_ASAP7_75t_R)                         18.07     422.54 r
  U4382/Y (NAND4xp25_ASAP7_75t_R)                        30.41     452.95 f
  U4036/Y (INVxp33_ASAP7_75t_R)                          19.94     472.88 r
  U4386/Y (NOR2xp33_ASAP7_75t_R)                         15.06     487.94 f
  U4387/Y (NAND2xp5_ASAP7_75t_R)                         14.50     502.44 r
  U4388/Y (INVxp67_ASAP7_75t_R)                          11.68     514.12 f
  U4411/Y (NAND4xp25_ASAP7_75t_R)                        10.75     524.87 r
  U4436/Y (NOR2xp33_ASAP7_75t_R)                         17.02     541.89 f
  U4437/Y (INVxp67_ASAP7_75t_R)                          14.65     556.54 r
  U4438/Y (NAND2xp5_ASAP7_75t_R)                         12.78     569.32 f
  U4465/Y (NOR3xp33_ASAP7_75t_R)                         18.88     588.21 r
  U4490/Y (INVxp33_ASAP7_75t_R)                          17.24     605.44 f
  U4491/Y (NOR2xp33_ASAP7_75t_R)                         18.08     623.53 r
  U4494/Y (NAND4xp25_ASAP7_75t_R)                        26.42     649.95 f
  U4495/Y (NOR2xp67_ASAP7_75t_R)                         19.69     669.63 r
  U4497/Y (NAND2xp5_ASAP7_75t_R)                         15.37     685.00 f
  U4498/Y (NOR2x1_ASAP7_75t_R)                           12.14     697.14 r
  U4501/Y (AOI31xp33_ASAP7_75t_R)                        16.33     713.47 f
  U5209/Y (NAND2xp33_ASAP7_75t_R)                        21.38     734.86 r
  U5296/Y (NOR2xp33_ASAP7_75t_R)                         29.25     764.11 f
  U5297/Y (NAND2xp33_ASAP7_75t_R)                        32.95     797.06 r
  U5500/Y (NOR2xp33_ASAP7_75t_R)                         28.16     825.22 f
  U5621/Y (HB1xp67_ASAP7_75t_R)                          65.42     890.64 f
  U8446/Y (HB1xp67_ASAP7_75t_R)                          65.49     956.13 f
  U8448/Y (OAI21xp33_ASAP7_75t_R)                        24.80     980.93 r
  data_r_reg[15][8]/D (DFFHQNx1_ASAP7_75t_R)              0.00     980.93 r
  data arrival time                                                980.93

  clock clk (rise edge)                                1000.00    1000.00
  clock network delay (ideal)                             0.00    1000.00
  data_r_reg[15][8]/CLK (DFFHQNx1_ASAP7_75t_R)            0.00    1000.00 r
  library setup time                                    -18.09     981.91
  data required time                                               981.91
  --------------------------------------------------------------------------
  data required time                                               981.91
  data arrival time                                               -980.93
  --------------------------------------------------------------------------
  slack (MET)                                                        0.98


  Startpoint: store_tag_i[13]
              (input port clocked by clk)
  Endpoint: data_r_reg[15][4]
            (rising edge-triggered flip-flop clocked by clk)
  Path Group: clk
  Path Type: max

  Point                                                   Incr       Path
  --------------------------------------------------------------------------
  clock clk (rise edge)                                   0.00       0.00
  clock network delay (ideal)                             0.00       0.00
  input external delay                                  100.00     100.00 f
  store_tag_i[13] (in)                                    0.00     100.00 f
  U4126/Y (XNOR2xp5_ASAP7_75t_R)                         17.42     117.42 f
  U4127/Y (NOR2xp67_ASAP7_75t_R)                         11.21     128.63 r
  U4035/Y (NAND4xp25_ASAP7_75t_R)                        24.04     152.67 f
  U4136/Y (NOR4xp75_ASAP7_75t_R)                         32.21     184.88 r
  U4157/Y (NOR2x1p5_ASAP7_75t_R)                         17.80     202.68 f
  U4182/Y (NAND4xp25_ASAP7_75t_R)                        17.50     220.17 r
  U4183/Y (NAND2xp5_ASAP7_75t_R)                         15.70     235.87 f
  U4184/Y (INVx1_ASAP7_75t_R)                            13.53     249.40 r
  U4207/Y (NAND4xp25_ASAP7_75t_R)                        14.79     264.19 f
  U4232/Y (NOR2xp33_ASAP7_75t_R)                         26.97     291.16 r
  U4259/Y (NOR2xp33_ASAP7_75t_R)                         20.86     312.02 f
  U4260/Y (NOR2xp33_ASAP7_75t_R)                         21.59     333.61 r
  U4283/Y (NAND2xp5_ASAP7_75t_R)                         15.44     349.06 f
  U4284/Y (NAND2xp5_ASAP7_75t_R)                         15.13     364.19 r
  U4285/Y (INVx1_ASAP7_75t_R)                            13.36     377.55 f
  U4307/Y (NAND4xp25_ASAP7_75t_R)                        11.27     388.82 r
  U4331/Y (NOR2xp33_ASAP7_75t_R)                         15.65     404.47 f
  U4357/Y (NOR2xp33_ASAP7_75t_R)                         18.07     422.54 r
  U4382/Y (NAND4xp25_ASAP7_75t_R)                        30.41     452.95 f
  U4036/Y (INVxp33_ASAP7_75t_R)                          19.94     472.88 r
  U4386/Y (NOR2xp33_ASAP7_75t_R)                         15.06     487.94 f
  U4387/Y (NAND2xp5_ASAP7_75t_R)                         14.50     502.44 r
  U4388/Y (INVxp67_ASAP7_75t_R)                          11.68     514.12 f
  U4411/Y (NAND4xp25_ASAP7_75t_R)                        10.75     524.87 r
  U4436/Y (NOR2xp33_ASAP7_75t_R)                         17.02     541.89 f
  U4437/Y (INVxp67_ASAP7_75t_R)                          14.65     556.54 r
  U4438/Y (NAND2xp5_ASAP7_75t_R)                         12.78     569.32 f
  U4465/Y (NOR3xp33_ASAP7_75t_R)                         18.88     588.21 r
  U4490/Y (INVxp33_ASAP7_75t_R)                          17.24     605.44 f
  U4491/Y (NOR2xp33_ASAP7_75t_R)                         18.08     623.53 r
  U4494/Y (NAND4xp25_ASAP7_75t_R)                        26.42     649.95 f
  U4495/Y (NOR2xp67_ASAP7_75t_R)                         19.69     669.63 r
  U4497/Y (NAND2xp5_ASAP7_75t_R)                         15.37     685.00 f
  U4498/Y (NOR2x1_ASAP7_75t_R)                           12.14     697.14 r
  U4501/Y (AOI31xp33_ASAP7_75t_R)                        16.33     713.47 f
  U5209/Y (NAND2xp33_ASAP7_75t_R)                        21.38     734.86 r
  U5296/Y (NOR2xp33_ASAP7_75t_R)                         29.25     764.11 f
  U5297/Y (NAND2xp33_ASAP7_75t_R)                        32.95     797.06 r
  U5500/Y (NOR2xp33_ASAP7_75t_R)                         28.16     825.22 f
  U5621/Y (HB1xp67_ASAP7_75t_R)                          65.42     890.64 f
  U8328/Y (HB1xp67_ASAP7_75t_R)                          65.49     956.13 f
  U8330/Y (OAI21xp33_ASAP7_75t_R)                        24.80     980.93 r
  data_r_reg[15][4]/D (DFFHQNx1_ASAP7_75t_R)              0.00     980.93 r
  data arrival time                                                980.93

  clock clk (rise edge)                                1000.00    1000.00
  clock network delay (ideal)                             0.00    1000.00
  data_r_reg[15][4]/CLK (DFFHQNx1_ASAP7_75t_R)            0.00    1000.00 r
  library setup time                                    -18.09     981.91
  data required time                                               981.91
  --------------------------------------------------------------------------
  data required time                                               981.91
  data arrival time                                               -980.93
  --------------------------------------------------------------------------
  slack (MET)                                                        0.98


  Startpoint: store_tag_i[13]
              (input port clocked by clk)
  Endpoint: data_r_reg[15][1]
            (rising edge-triggered flip-flop clocked by clk)
  Path Group: clk
  Path Type: max

  Point                                                   Incr       Path
  --------------------------------------------------------------------------
  clock clk (rise edge)                                   0.00       0.00
  clock network delay (ideal)                             0.00       0.00
  input external delay                                  100.00     100.00 f
  store_tag_i[13] (in)                                    0.00     100.00 f
  U4126/Y (XNOR2xp5_ASAP7_75t_R)                         17.42     117.42 f
  U4127/Y (NOR2xp67_ASAP7_75t_R)                         11.21     128.63 r
  U4035/Y (NAND4xp25_ASAP7_75t_R)                        24.04     152.67 f
  U4136/Y (NOR4xp75_ASAP7_75t_R)                         32.21     184.88 r
  U4157/Y (NOR2x1p5_ASAP7_75t_R)                         17.80     202.68 f
  U4182/Y (NAND4xp25_ASAP7_75t_R)                        17.50     220.17 r
  U4183/Y (NAND2xp5_ASAP7_75t_R)                         15.70     235.87 f
  U4184/Y (INVx1_ASAP7_75t_R)                            13.53     249.40 r
  U4207/Y (NAND4xp25_ASAP7_75t_R)                        14.79     264.19 f
  U4232/Y (NOR2xp33_ASAP7_75t_R)                         26.97     291.16 r
  U4259/Y (NOR2xp33_ASAP7_75t_R)                         20.86     312.02 f
  U4260/Y (NOR2xp33_ASAP7_75t_R)                         21.59     333.61 r
  U4283/Y (NAND2xp5_ASAP7_75t_R)                         15.44     349.06 f
  U4284/Y (NAND2xp5_ASAP7_75t_R)                         15.13     364.19 r
  U4285/Y (INVx1_ASAP7_75t_R)                            13.36     377.55 f
  U4307/Y (NAND4xp25_ASAP7_75t_R)                        11.27     388.82 r
  U4331/Y (NOR2xp33_ASAP7_75t_R)                         15.65     404.47 f
  U4357/Y (NOR2xp33_ASAP7_75t_R)                         18.07     422.54 r
  U4382/Y (NAND4xp25_ASAP7_75t_R)                        30.41     452.95 f
  U4036/Y (INVxp33_ASAP7_75t_R)                          19.94     472.88 r
  U4386/Y (NOR2xp33_ASAP7_75t_R)                         15.06     487.94 f
  U4387/Y (NAND2xp5_ASAP7_75t_R)                         14.50     502.44 r
  U4388/Y (INVxp67_ASAP7_75t_R)                          11.68     514.12 f
  U4411/Y (NAND4xp25_ASAP7_75t_R)                        10.75     524.87 r
  U4436/Y (NOR2xp33_ASAP7_75t_R)                         17.02     541.89 f
  U4437/Y (INVxp67_ASAP7_75t_R)                          14.65     556.54 r
  U4438/Y (NAND2xp5_ASAP7_75t_R)                         12.78     569.32 f
  U4465/Y (NOR3xp33_ASAP7_75t_R)                         18.88     588.21 r
  U4490/Y (INVxp33_ASAP7_75t_R)                          17.24     605.44 f
  U4491/Y (NOR2xp33_ASAP7_75t_R)                         18.08     623.53 r
  U4494/Y (NAND4xp25_ASAP7_75t_R)                        26.42     649.95 f
  U4495/Y (NOR2xp67_ASAP7_75t_R)                         19.69     669.63 r
  U4497/Y (NAND2xp5_ASAP7_75t_R)                         15.37     685.00 f
  U4498/Y (NOR2x1_ASAP7_75t_R)                           12.14     697.14 r
  U4501/Y (AOI31xp33_ASAP7_75t_R)                        16.33     713.47 f
  U5209/Y (NAND2xp33_ASAP7_75t_R)                        21.38     734.86 r
  U5296/Y (NOR2xp33_ASAP7_75t_R)                         29.25     764.11 f
  U5297/Y (NAND2xp33_ASAP7_75t_R)                        32.95     797.06 r
  U5500/Y (NOR2xp33_ASAP7_75t_R)                         28.16     825.22 f
  U5621/Y (HB1xp67_ASAP7_75t_R)                          65.42     890.64 f
  U8240/Y (HB1xp67_ASAP7_75t_R)                          65.49     956.13 f
  U8242/Y (OAI21xp33_ASAP7_75t_R)                        24.80     980.93 r
  data_r_reg[15][1]/D (DFFHQNx1_ASAP7_75t_R)              0.00     980.93 r
  data arrival time                                                980.93

  clock clk (rise edge)                                1000.00    1000.00
  clock network delay (ideal)                             0.00    1000.00
  data_r_reg[15][1]/CLK (DFFHQNx1_ASAP7_75t_R)            0.00    1000.00 r
  library setup time                                    -18.09     981.91
  data required time                                               981.91
  --------------------------------------------------------------------------
  data required time                                               981.91
  data arrival time                                               -980.93
  --------------------------------------------------------------------------
  slack (MET)                                                        0.98


1
