 
****************************************
Report : area
Design : segfold_intersect_rom
Version: Y-2026.03
Date   : Wed Apr  1 16:50:27 2026
****************************************

Information: Updating design information... (UID-85)
Warning: Design 'segfold_intersect_rom' contains 1 high-fanout nets. A fanout number of 1000 will be used for delay calculations involving these nets. (TIM-134)
Library(s) Used:

    asap7sc7p5t_AO_RVT_TT_ccs_211120 (File: /mnt/nas0/eda.libs/asap7/asap7sc7p5t_28/LIB/CCS/asap7sc7p5t_AO_RVT_TT_ccs_211120.db)
    asap7sc7p5t_OA_RVT_TT_ccs_211120 (File: /mnt/nas0/eda.libs/asap7/asap7sc7p5t_28/LIB/CCS/asap7sc7p5t_OA_RVT_TT_ccs_211120.db)
    asap7sc7p5t_SIMPLE_RVT_TT_ccs_211120 (File: /mnt/nas0/eda.libs/asap7/asap7sc7p5t_28/LIB/CCS/asap7sc7p5t_SIMPLE_RVT_TT_ccs_211120.db)
    asap7sc7p5t_INVBUF_RVT_TT_nldm (File: /mnt/nas0/eda.libs/asap7/asap7sc7p5t_28/LIB/NLDM/asap7sc7p5t_INVBUF_RVT_TT_nldm.db)
    asap7sc7p5t_SEQ_RVT_TT_ccs_220123 (File: /mnt/nas0/eda.libs/asap7/asap7sc7p5t_28/LIB/CCS/asap7sc7p5t_SEQ_RVT_TT_ccs_220123.db)

Number of ports:                           51
Number of nets:                         11860
Number of cells:                        11825
Number of combinational cells:           7729
Number of sequential cells:              4096
Number of macros/black boxes:               0
Number of buf/inv:                        472
Number of references:                      19

Combinational area:                647.833148
Buf/Inv area:                       23.255100
Noncombinational area:            1194.393555
Macro/Black Box area:                0.000000
Net Interconnect area:      undefined  (No wire load specified)

Total cell area:                  1842.226703
Total area:                 undefined
1
