 
****************************************
Report : timing
        -path full
        -delay max
        -max_paths 10
Design : segfold_intersect_rom
Version: Y-2026.03
Date   : Wed Apr  1 16:50:28 2026
****************************************

 # A fanout number of 1000 was used for high fanout net computations.

Operating Conditions: PVT_0P7V_25C   Library: asap7sc7p5t_AO_RVT_TT_ccs_211120
Wire Load Model Mode: top

  Startpoint: rd_addr_i[4]
              (input port clocked by clk)
  Endpoint: rd_data_o[10]
            (output port clocked by clk)
  Path Group: clk
  Path Type: max

  Point                                    Incr       Path
  -----------------------------------------------------------
  clock clk (rise edge)                    0.00       0.00
  clock network delay (ideal)              0.00       0.00
  input external delay                   100.00     100.00 r
  rd_addr_i[4] (in)                        0.00     100.00 r
  U9573/Y (NOR2xp33_ASAP7_75t_R)           7.23     107.23 f
  U4892/Y (NAND2xp33_ASAP7_75t_R)         68.33     175.56 r
  U4702/Y (NOR2xp33_ASAP7_75t_R)         161.68     337.24 f
  U9654/Y (HB1xp67_ASAP7_75t_R)          108.33     445.57 f
  U11538/Y (AOI22xp33_ASAP7_75t_R)        35.88     481.45 r
  U11542/Y (NAND4xp25_ASAP7_75t_R)        23.57     505.02 f
  U11543/Y (NOR4xp25_ASAP7_75t_R)         29.57     534.59 r
  U11544/Y (AO21x1_ASAP7_75t_R)           23.97     558.56 r
  U11545/Y (A2O1A1Ixp33_ASAP7_75t_R)      14.80     573.36 f
  U11546/Y (O2A1O1Ixp33_ASAP7_75t_R)      22.97     596.34 r
  U11547/Y (A2O1A1Ixp33_ASAP7_75t_R)      16.86     613.20 f
  rd_data_o[10] (out)                      0.00     613.20 f
  data arrival time                                 613.20

  clock clk (rise edge)                 1000.00    1000.00
  clock network delay (ideal)              0.00    1000.00
  output external delay                 -100.00     900.00
  data required time                                900.00
  -----------------------------------------------------------
  data required time                                900.00
  data arrival time                                -613.20
  -----------------------------------------------------------
  slack (MET)                                       286.80


  Startpoint: rd_addr_i[4]
              (input port clocked by clk)
  Endpoint: rd_data_o[3]
            (output port clocked by clk)
  Path Group: clk
  Path Type: max

  Point                                    Incr       Path
  -----------------------------------------------------------
  clock clk (rise edge)                    0.00       0.00
  clock network delay (ideal)              0.00       0.00
  input external delay                   100.00     100.00 r
  rd_addr_i[4] (in)                        0.00     100.00 r
  U9573/Y (NOR2xp33_ASAP7_75t_R)           7.23     107.23 f
  U4892/Y (NAND2xp33_ASAP7_75t_R)         68.33     175.56 r
  U4702/Y (NOR2xp33_ASAP7_75t_R)         161.68     337.24 f
  U9654/Y (HB1xp67_ASAP7_75t_R)          108.33     445.57 f
  U10313/Y (AOI22xp33_ASAP7_75t_R)        35.88     481.45 r
  U10317/Y (NAND4xp25_ASAP7_75t_R)        23.57     505.02 f
  U10318/Y (NOR4xp25_ASAP7_75t_R)         29.57     534.59 r
  U10319/Y (AO21x1_ASAP7_75t_R)           23.97     558.56 r
  U10320/Y (A2O1A1Ixp33_ASAP7_75t_R)      14.80     573.36 f
  U10321/Y (O2A1O1Ixp33_ASAP7_75t_R)      22.97     596.34 r
  U10322/Y (A2O1A1Ixp33_ASAP7_75t_R)      16.86     613.20 f
  rd_data_o[3] (out)                       0.00     613.20 f
  data arrival time                                 613.20

  clock clk (rise edge)                 1000.00    1000.00
  clock network delay (ideal)              0.00    1000.00
  output external delay                 -100.00     900.00
  data required time                                900.00
  -----------------------------------------------------------
  data required time                                900.00
  data arrival time                                -613.20
  -----------------------------------------------------------
  slack (MET)                                       286.80


  Startpoint: rd_addr_i[4]
              (input port clocked by clk)
  Endpoint: rd_data_o[2]
            (output port clocked by clk)
  Path Group: clk
  Path Type: max

  Point                                    Incr       Path
  -----------------------------------------------------------
  clock clk (rise edge)                    0.00       0.00
  clock network delay (ideal)              0.00       0.00
  input external delay                   100.00     100.00 r
  rd_addr_i[4] (in)                        0.00     100.00 r
  U9573/Y (NOR2xp33_ASAP7_75t_R)           7.23     107.23 f
  U4892/Y (NAND2xp33_ASAP7_75t_R)         68.33     175.56 r
  U4702/Y (NOR2xp33_ASAP7_75t_R)         161.68     337.24 f
  U9654/Y (HB1xp67_ASAP7_75t_R)          108.33     445.57 f
  U10141/Y (AOI22xp33_ASAP7_75t_R)        35.88     481.45 r
  U10145/Y (NAND4xp25_ASAP7_75t_R)        23.57     505.02 f
  U10146/Y (NOR4xp25_ASAP7_75t_R)         29.57     534.59 r
  U10147/Y (AO21x1_ASAP7_75t_R)           23.97     558.56 r
  U10148/Y (A2O1A1Ixp33_ASAP7_75t_R)      14.80     573.36 f
  U10149/Y (O2A1O1Ixp33_ASAP7_75t_R)      22.97     596.34 r
  U10150/Y (A2O1A1Ixp33_ASAP7_75t_R)      16.86     613.20 f
  rd_data_o[2] (out)                       0.00     613.20 f
  data arrival time                                 613.20

  clock clk (rise edge)                 1000.00    1000.00
  clock network delay (ideal)              0.00    1000.00
  output external delay                 -100.00     900.00
  data required time                                900.00
  -----------------------------------------------------------
  data required time                                900.00
  data arrival time                                -613.20
  -----------------------------------------------------------
  slack (MET)                                       286.80


  Startpoint: rd_addr_i[4]
              (input port clocked by clk)
  Endpoint: rd_data_o[1]
            (output port clocked by clk)
  Path Group: clk
  Path Type: max

  Point                                    Incr       Path
  -----------------------------------------------------------
  clock clk (rise edge)                    0.00       0.00
  clock network delay (ideal)              0.00       0.00
  input external delay                   100.00     100.00 r
  rd_addr_i[4] (in)                        0.00     100.00 r
  U9573/Y (NOR2xp33_ASAP7_75t_R)           7.23     107.23 f
  U4892/Y (NAND2xp33_ASAP7_75t_R)         68.33     175.56 r
  U4702/Y (NOR2xp33_ASAP7_75t_R)         161.68     337.24 f
  U9654/Y (HB1xp67_ASAP7_75t_R)          108.33     445.57 f
  U9969/Y (AOI22xp33_ASAP7_75t_R)         35.88     481.45 r
  U9973/Y (NAND4xp25_ASAP7_75t_R)         23.57     505.02 f
  U9974/Y (NOR4xp25_ASAP7_75t_R)          29.57     534.59 r
  U9975/Y (AO21x1_ASAP7_75t_R)            23.97     558.56 r
  U9976/Y (A2O1A1Ixp33_ASAP7_75t_R)       14.80     573.36 f
  U9977/Y (O2A1O1Ixp33_ASAP7_75t_R)       22.97     596.34 r
  U9978/Y (A2O1A1Ixp33_ASAP7_75t_R)       16.86     613.20 f
  rd_data_o[1] (out)                       0.00     613.20 f
  data arrival time                                 613.20

  clock clk (rise edge)                 1000.00    1000.00
  clock network delay (ideal)              0.00    1000.00
  output external delay                 -100.00     900.00
  data required time                                900.00
  -----------------------------------------------------------
  data required time                                900.00
  data arrival time                                -613.20
  -----------------------------------------------------------
  slack (MET)                                       286.80


  Startpoint: rd_addr_i[4]
              (input port clocked by clk)
  Endpoint: rd_data_o[0]
            (output port clocked by clk)
  Path Group: clk
  Path Type: max

  Point                                    Incr       Path
  -----------------------------------------------------------
  clock clk (rise edge)                    0.00       0.00
  clock network delay (ideal)              0.00       0.00
  input external delay                   100.00     100.00 r
  rd_addr_i[4] (in)                        0.00     100.00 r
  U9573/Y (NOR2xp33_ASAP7_75t_R)           7.23     107.23 f
  U4892/Y (NAND2xp33_ASAP7_75t_R)         68.33     175.56 r
  U4702/Y (NOR2xp33_ASAP7_75t_R)         161.68     337.24 f
  U9654/Y (HB1xp67_ASAP7_75t_R)          108.33     445.57 f
  U9791/Y (AOI22xp33_ASAP7_75t_R)         35.88     481.45 r
  U9795/Y (NAND4xp25_ASAP7_75t_R)         23.57     505.02 f
  U9796/Y (NOR4xp25_ASAP7_75t_R)          29.57     534.59 r
  U9798/Y (AO21x1_ASAP7_75t_R)            23.97     558.56 r
  U9799/Y (A2O1A1Ixp33_ASAP7_75t_R)       14.80     573.36 f
  U9800/Y (O2A1O1Ixp33_ASAP7_75t_R)       22.97     596.34 r
  U9801/Y (A2O1A1Ixp33_ASAP7_75t_R)       16.86     613.20 f
  rd_data_o[0] (out)                       0.00     613.20 f
  data arrival time                                 613.20

  clock clk (rise edge)                 1000.00    1000.00
  clock network delay (ideal)              0.00    1000.00
  output external delay                 -100.00     900.00
  data required time                                900.00
  -----------------------------------------------------------
  data required time                                900.00
  data arrival time                                -613.20
  -----------------------------------------------------------
  slack (MET)                                       286.80


  Startpoint: rd_addr_i[4]
              (input port clocked by clk)
  Endpoint: rd_data_o[9]
            (output port clocked by clk)
  Path Group: clk
  Path Type: max

  Point                                    Incr       Path
  -----------------------------------------------------------
  clock clk (rise edge)                    0.00       0.00
  clock network delay (ideal)              0.00       0.00
  input external delay                   100.00     100.00 r
  rd_addr_i[4] (in)                        0.00     100.00 r
  U9573/Y (NOR2xp33_ASAP7_75t_R)           7.23     107.23 f
  U4892/Y (NAND2xp33_ASAP7_75t_R)         68.33     175.56 r
  U4702/Y (NOR2xp33_ASAP7_75t_R)         161.68     337.24 f
  U9654/Y (HB1xp67_ASAP7_75t_R)          108.33     445.57 f
  U11363/Y (AOI22xp33_ASAP7_75t_R)        35.88     481.45 r
  U11367/Y (NAND4xp25_ASAP7_75t_R)        23.57     505.02 f
  U11368/Y (NOR4xp25_ASAP7_75t_R)         29.57     534.59 r
  U11369/Y (AO21x1_ASAP7_75t_R)           23.95     558.54 r
  U11370/Y (A2O1A1Ixp33_ASAP7_75t_R)      14.80     573.34 f
  U11371/Y (O2A1O1Ixp33_ASAP7_75t_R)      22.97     596.32 r
  U11372/Y (A2O1A1Ixp33_ASAP7_75t_R)      16.86     613.18 f
  rd_data_o[9] (out)                       0.00     613.18 f
  data arrival time                                 613.18

  clock clk (rise edge)                 1000.00    1000.00
  clock network delay (ideal)              0.00    1000.00
  output external delay                 -100.00     900.00
  data required time                                900.00
  -----------------------------------------------------------
  data required time                                900.00
  data arrival time                                -613.18
  -----------------------------------------------------------
  slack (MET)                                       286.82


  Startpoint: rd_addr_i[4]
              (input port clocked by clk)
  Endpoint: rd_data_o[8]
            (output port clocked by clk)
  Path Group: clk
  Path Type: max

  Point                                    Incr       Path
  -----------------------------------------------------------
  clock clk (rise edge)                    0.00       0.00
  clock network delay (ideal)              0.00       0.00
  input external delay                   100.00     100.00 r
  rd_addr_i[4] (in)                        0.00     100.00 r
  U9573/Y (NOR2xp33_ASAP7_75t_R)           7.23     107.23 f
  U4892/Y (NAND2xp33_ASAP7_75t_R)         68.33     175.56 r
  U4702/Y (NOR2xp33_ASAP7_75t_R)         161.68     337.24 f
  U9654/Y (HB1xp67_ASAP7_75t_R)          108.33     445.57 f
  U11191/Y (AOI22xp33_ASAP7_75t_R)        35.88     481.45 r
  U11195/Y (NAND4xp25_ASAP7_75t_R)        23.57     505.02 f
  U11196/Y (NOR4xp25_ASAP7_75t_R)         29.57     534.59 r
  U11197/Y (AO21x1_ASAP7_75t_R)           23.95     558.54 r
  U11198/Y (A2O1A1Ixp33_ASAP7_75t_R)      14.80     573.34 f
  U11199/Y (O2A1O1Ixp33_ASAP7_75t_R)      22.97     596.32 r
  U11200/Y (A2O1A1Ixp33_ASAP7_75t_R)      16.86     613.18 f
  rd_data_o[8] (out)                       0.00     613.18 f
  data arrival time                                 613.18

  clock clk (rise edge)                 1000.00    1000.00
  clock network delay (ideal)              0.00    1000.00
  output external delay                 -100.00     900.00
  data required time                                900.00
  -----------------------------------------------------------
  data required time                                900.00
  data arrival time                                -613.18
  -----------------------------------------------------------
  slack (MET)                                       286.82


  Startpoint: rd_addr_i[4]
              (input port clocked by clk)
  Endpoint: rd_data_o[6]
            (output port clocked by clk)
  Path Group: clk
  Path Type: max

  Point                                    Incr       Path
  -----------------------------------------------------------
  clock clk (rise edge)                    0.00       0.00
  clock network delay (ideal)              0.00       0.00
  input external delay                   100.00     100.00 r
  rd_addr_i[4] (in)                        0.00     100.00 r
  U9573/Y (NOR2xp33_ASAP7_75t_R)           7.23     107.23 f
  U4892/Y (NAND2xp33_ASAP7_75t_R)         68.33     175.56 r
  U9606/Y (NOR2xp33_ASAP7_75t_R)         164.94     340.50 f
  U10336/Y (HB1xp67_ASAP7_75t_R)         107.33     447.83 f
  U10821/Y (AOI22xp33_ASAP7_75t_R)        35.46     483.29 r
  U10825/Y (NAND4xp25_ASAP7_75t_R)        23.08     506.37 f
  U10831/Y (NOR4xp25_ASAP7_75t_R)         29.54     535.91 r
  U10853/Y (AO21x1_ASAP7_75t_R)           22.00     557.91 r
  U10854/Y (A2O1A1Ixp33_ASAP7_75t_R)      14.80     572.72 f
  U10855/Y (O2A1O1Ixp33_ASAP7_75t_R)      22.97     595.69 r
  U10856/Y (A2O1A1Ixp33_ASAP7_75t_R)      16.86     612.55 f
  rd_data_o[6] (out)                       0.00     612.55 f
  data arrival time                                 612.55

  clock clk (rise edge)                 1000.00    1000.00
  clock network delay (ideal)              0.00    1000.00
  output external delay                 -100.00     900.00
  data required time                                900.00
  -----------------------------------------------------------
  data required time                                900.00
  data arrival time                                -612.55
  -----------------------------------------------------------
  slack (MET)                                       287.45


  Startpoint: rd_addr_i[4]
              (input port clocked by clk)
  Endpoint: rd_data_o[12]
            (output port clocked by clk)
  Path Group: clk
  Path Type: max

  Point                                    Incr       Path
  -----------------------------------------------------------
  clock clk (rise edge)                    0.00       0.00
  clock network delay (ideal)              0.00       0.00
  input external delay                   100.00     100.00 r
  rd_addr_i[4] (in)                        0.00     100.00 r
  U9573/Y (NOR2xp33_ASAP7_75t_R)           7.23     107.23 f
  U4892/Y (NAND2xp33_ASAP7_75t_R)         68.33     175.56 r
  U9636/Y (NOR2xp33_ASAP7_75t_R)         147.47     323.03 f
  U4727/Y (INVxp33_ASAP7_75t_R)           42.63     365.66 r
  U4728/Y (INVxp67_ASAP7_75t_R)           79.18     444.84 f
  U11872/Y (AOI22xp33_ASAP7_75t_R)        37.51     482.35 r
  U11876/Y (NAND4xp25_ASAP7_75t_R)        22.69     505.04 f
  U11887/Y (NOR4xp25_ASAP7_75t_R)         28.06     533.10 r
  U11888/Y (AO21x1_ASAP7_75t_R)           23.97     557.07 r
  U11889/Y (A2O1A1Ixp33_ASAP7_75t_R)      14.80     571.87 f
  U11890/Y (O2A1O1Ixp33_ASAP7_75t_R)      22.97     594.84 r
  U11891/Y (A2O1A1Ixp33_ASAP7_75t_R)      16.86     611.71 f
  rd_data_o[12] (out)                      0.00     611.71 f
  data arrival time                                 611.71

  clock clk (rise edge)                 1000.00    1000.00
  clock network delay (ideal)              0.00    1000.00
  output external delay                 -100.00     900.00
  data required time                                900.00
  -----------------------------------------------------------
  data required time                                900.00
  data arrival time                                -611.71
  -----------------------------------------------------------
  slack (MET)                                       288.29


  Startpoint: rd_addr_i[4]
              (input port clocked by clk)
  Endpoint: rd_data_o[11]
            (output port clocked by clk)
  Path Group: clk
  Path Type: max

  Point                                    Incr       Path
  -----------------------------------------------------------
  clock clk (rise edge)                    0.00       0.00
  clock network delay (ideal)              0.00       0.00
  input external delay                   100.00     100.00 r
  rd_addr_i[4] (in)                        0.00     100.00 r
  U9573/Y (NOR2xp33_ASAP7_75t_R)           7.23     107.23 f
  U4892/Y (NAND2xp33_ASAP7_75t_R)         68.33     175.56 r
  U9636/Y (NOR2xp33_ASAP7_75t_R)         147.47     323.03 f
  U4727/Y (INVxp33_ASAP7_75t_R)           42.63     365.66 r
  U4728/Y (INVxp67_ASAP7_75t_R)           79.18     444.84 f
  U11700/Y (AOI22xp33_ASAP7_75t_R)        37.51     482.35 r
  U11704/Y (NAND4xp25_ASAP7_75t_R)        22.69     505.04 f
  U11715/Y (NOR4xp25_ASAP7_75t_R)         28.06     533.10 r
  U11716/Y (AO21x1_ASAP7_75t_R)           23.97     557.07 r
  U11717/Y (A2O1A1Ixp33_ASAP7_75t_R)      14.80     571.87 f
  U11718/Y (O2A1O1Ixp33_ASAP7_75t_R)      22.97     594.84 r
  U11719/Y (A2O1A1Ixp33_ASAP7_75t_R)      16.86     611.71 f
  rd_data_o[11] (out)                      0.00     611.71 f
  data arrival time                                 611.71

  clock clk (rise edge)                 1000.00    1000.00
  clock network delay (ideal)              0.00    1000.00
  output external delay                 -100.00     900.00
  data required time                                900.00
  -----------------------------------------------------------
  data required time                                900.00
  data arrival time                                -611.71
  -----------------------------------------------------------
  slack (MET)                                       288.29


1
